Archive member included to satisfy reference by file (symbol)

../Middlewares/ST/AI/Lib/NetworkRuntime910_CM4_GCC.a(ai_platform.o)
                              ./X-CUBE-AI/App/model.o (ai_buffer_array_item_set_address)
../Middlewares/ST/AI/Lib/NetworkRuntime910_CM4_GCC.a(ai_platform_interface.o)
                              ./X-CUBE-AI/App/model.o (ai_platform_get_weights_map)
../Middlewares/ST/AI/Lib/NetworkRuntime910_CM4_GCC.a(core_common.o)
                              ../Middlewares/ST/AI/Lib/NetworkRuntime910_CM4_GCC.a(ai_platform_interface.o) (core_init)
../Middlewares/ST/AI/Lib/NetworkRuntime910_CM4_GCC.a(core_mem_manager.o)
                              ../Middlewares/ST/AI/Lib/NetworkRuntime910_CM4_GCC.a(ai_platform_interface.o) (core_mem_alloc)
../Middlewares/ST/AI/Lib/NetworkRuntime910_CM4_GCC.a(layers.o)
                              ../Middlewares/ST/AI/Lib/NetworkRuntime910_CM4_GCC.a(ai_platform_interface.o) (ai_check_custom_types)
../Middlewares/ST/AI/Lib/NetworkRuntime910_CM4_GCC.a(layers_conv2d_generic_float.o)
                              ./X-CUBE-AI/App/model.o (forward_dense)
../Middlewares/ST/AI/Lib/NetworkRuntime910_CM4_GCC.a(layers_nl_generic_float.o)
                              ./X-CUBE-AI/App/model.o (forward_relu)
../Middlewares/ST/AI/Lib/NetworkRuntime910_CM4_GCC.a(layers_conv2d_integer_scratch.o)
                              ../Middlewares/ST/AI/Lib/NetworkRuntime910_CM4_GCC.a(layers.o) (get_conv2d_scratch_size)
../Middlewares/ST/AI/Lib/NetworkRuntime910_CM4_GCC.a(forward_lite_conv2d_if32of32wf32.o)
                              ../Middlewares/ST/AI/Lib/NetworkRuntime910_CM4_GCC.a(layers_conv2d_generic_float.o) (forward_lite_conv2d_if32of32wf32)
../Middlewares/ST/AI/Lib/NetworkRuntime910_CM4_GCC.a(lite_nl_softmax_if32of32.o)
                              ../Middlewares/ST/AI/Lib/NetworkRuntime910_CM4_GCC.a(layers_nl_generic_float.o) (forward_lite_nl_softmax_if32of32_kernel)
../Middlewares/ST/AI/Lib/NetworkRuntime910_CM4_GCC.a(lite_nl_relu_if32of32.o)
                              ../Middlewares/ST/AI/Lib/NetworkRuntime910_CM4_GCC.a(layers_nl_generic_float.o) (forward_lite_nl_prelu_if32of32_kernel)
../Middlewares/ST/AI/Lib/NetworkRuntime910_CM4_GCC.a(lite_dense_if32.o)
                              ../Middlewares/ST/AI/Lib/NetworkRuntime910_CM4_GCC.a(layers_conv2d_generic_float.o) (lite_decompress_ilutof32)
../Middlewares/ST/AI/Lib/NetworkRuntime910_CM4_GCC.a(st_int8_fill.o)
                              ../Middlewares/ST/AI/Lib/NetworkRuntime910_CM4_GCC.a(layers_nl_generic_float.o) (st_int8_fill)
../Middlewares/ST/AI/Lib/NetworkRuntime910_CM4_GCC.a(ai_math_helpers.o)
                              ../Middlewares/ST/AI/Lib/NetworkRuntime910_CM4_GCC.a(layers_nl_generic_float.o) (ai_math_sqrt)
../Middlewares/ST/AI/Lib/NetworkRuntime910_CM4_GCC.a(ai_datatypes_format.o)
                              ../Middlewares/ST/AI/Lib/NetworkRuntime910_CM4_GCC.a(ai_platform_interface.o) (ai_array_to_buffer_fmt)
../Middlewares/ST/AI/Lib/NetworkRuntime910_CM4_GCC.a(ai_datatypes_internal.o)
                              ../Middlewares/ST/AI/Lib/NetworkRuntime910_CM4_GCC.a(ai_platform_interface.o) (ai_version_get)
../Middlewares/ST/AI/Lib/NetworkRuntime910_CM4_GCC.a(ai_math_elementwise_mul_int8.o)
                              ../Middlewares/ST/AI/Lib/NetworkRuntime910_CM4_GCC.a(ai_math_helpers.o) (ai_math_elementwise_mul_int8)
../Middlewares/ST/AI/Lib/NetworkRuntime910_CM4_GCC.a(ai_math_elementwise_sum_int8.o)
                              ../Middlewares/ST/AI/Lib/NetworkRuntime910_CM4_GCC.a(ai_math_helpers.o) (ai_math_elementwise_sum_int8)
../Middlewares/ST/AI/Lib/NetworkRuntime910_CM4_GCC.a(st_align_factor.o)
                              ../Middlewares/ST/AI/Lib/NetworkRuntime910_CM4_GCC.a(ai_math_helpers.o) (align_factor)
/home/skander/st/stm32cubeide_1.13.2/plugins/com.st.stm32cube.ide.mcu.externaltools.gnu-tools-for-stm32.11.3.rel1.linux64_1.1.1.202309131626/tools/bin/../lib/gcc/arm-none-eabi/11.3.1/../../../../arm-none-eabi/lib/thumb/v7e-m+fp/hard/libc_nano.a(libc_a-exit.o)
                              /home/skander/st/stm32cubeide_1.13.2/plugins/com.st.stm32cube.ide.mcu.externaltools.gnu-tools-for-stm32.11.3.rel1.linux64_1.1.1.202309131626/tools/bin/../lib/gcc/arm-none-eabi/11.3.1/../../../../arm-none-eabi/lib/thumb/v7e-m+fp/hard/crt0.o (exit)
/home/skander/st/stm32cubeide_1.13.2/plugins/com.st.stm32cube.ide.mcu.externaltools.gnu-tools-for-stm32.11.3.rel1.linux64_1.1.1.202309131626/tools/bin/../lib/gcc/arm-none-eabi/11.3.1/../../../../arm-none-eabi/lib/thumb/v7e-m+fp/hard/libc_nano.a(libc_a-malloc.o)
                              ../Middlewares/ST/AI/Lib/NetworkRuntime910_CM4_GCC.a(core_mem_manager.o) (malloc)
/home/skander/st/stm32cubeide_1.13.2/plugins/com.st.stm32cube.ide.mcu.externaltools.gnu-tools-for-stm32.11.3.rel1.linux64_1.1.1.202309131626/tools/bin/../lib/gcc/arm-none-eabi/11.3.1/../../../../arm-none-eabi/lib/thumb/v7e-m+fp/hard/libc_nano.a(libc_a-mallocr.o)
[...]
Memory Configuration

Name             Origin             Length             Attributes
CCMRAM           0x0000000010000000 0x0000000000010000 xrw
RAM              0x0000000020000000 0x000000000001c000 xrw
FLASH            0x0000000008000000 0x0000000000100000 xr
*default*        0x0000000000000000 0xffffffffffffffff

Linker script and memory map

LOAD /home/skander/st/stm32cubeide_1.13.2/plugins/com.st.stm32cube.ide.mcu.externaltools.gnu-tools-for-stm32.11.3.rel1.linux64_1.1.1.202309131626/tools/bin/../lib/gcc/arm-none-eabi/11.3.1/thumb/v7e-m+fp/hard/crti.o
LOAD /home/skander/st/stm32cubeide_1.13.2/plugins/com.st.stm32cube.ide.mcu.externaltools.gnu-tools-for-stm32.11.3.rel1.linux64_1.1.1.202309131626/tools/bin/../lib/gcc/arm-none-eabi/11.3.1/thumb/v7e-m+fp/hard/crtbegin.o
LOAD /home/skander/st/stm32cubeide_1.13.2/plugins/com.st.stm32cube.ide.mcu.externaltools.gnu-tools-for-stm32.11.3.rel1.linux64_1.1.1.202309131626/tools/bin/../lib/gcc/arm-none-eabi/11.3.1/../../../../arm-none-eabi/lib/thumb/v7e-m+fp/hard/crt0.o
LOAD ./Core/Src/MY_LIS3DSH.o
LOAD ./Core/Src/main.o
LOAD ./Core/Src/stm32f4xx_hal_msp.o
LOAD ./Core/Src/stm32f4xx_it.o
LOAD ./Core/Src/syscalls.o
LOAD ./Core/Src/sysmem.o
LOAD ./Core/Src/system_stm32f4xx.o
LOAD ./Core/Startup/startup_stm32f407vgtx.o
LOAD ./Drivers/STM32F4xx_HAL_Driver/Src/stm32f4xx_hal.o
LOAD ./Drivers/STM32F4xx_HAL_Driver/Src/stm32f4xx_hal_cortex.o
LOAD ./Drivers/STM32F4xx_HAL_Driver/Src/stm32f4xx_hal_dma.o
LOAD ./Drivers/STM32F4xx_HAL_Driver/Src/stm32f4xx_hal_dma_ex.o
LOAD ./Drivers/STM32F4xx_HAL_Driver/Src/stm32f4xx_hal_exti.o
LOAD ./Drivers/STM32F4xx_HAL_Driver/Src/stm32f4xx_hal_flash.o
LOAD ./Drivers/STM32F4xx_HAL_Driver/Src/stm32f4xx_hal_flash_ex.o
LOAD ./Drivers/STM32F4xx_HAL_Driver/Src/stm32f4xx_hal_flash_ramfunc.o
LOAD ./Drivers/STM32F4xx_HAL_Driver/Src/stm32f4xx_hal_gpio.o
LOAD ./Drivers/STM32F4xx_HAL_Driver/Src/stm32f4xx_hal_pwr.o
LOAD ./Drivers/STM32F4xx_HAL_Driver/Src/stm32f4xx_hal_pwr_ex.o
LOAD ./Drivers/STM32F4xx_HAL_Driver/Src/stm32f4xx_hal_rcc.o
LOAD ./Drivers/STM32F4xx_HAL_Driver/Src/stm32f4xx_hal_rcc_ex.o
LOAD ./Drivers/STM32F4xx_HAL_Driver/Src/stm32f4xx_hal_spi.o
LOAD ./Drivers/STM32F4xx_HAL_Driver/Src/stm32f4xx_hal_tim.o
LOAD ./Drivers/STM32F4xx_HAL_Driver/Src/stm32f4xx_hal_tim_ex.o
LOAD ./Drivers/STM32F4xx_HAL_Driver/Src/stm32f4xx_hal_uart.o
LOAD ./X-CUBE-AI/App/model.o
LOAD ./X-CUBE-AI/App/model_data.o
LOAD ./X-CUBE-AI/App/model_data_params.o
LOAD ../Middlewares/ST/AI/Lib/NetworkRuntime910_CM4_GCC.a
START GROUP
LOAD /home/skander/st/stm32cubeide_1.13.2/plugins/com.st.stm32cube.ide.mcu.externaltools.gnu-tools-for-stm32.11.3.rel1.linux64_1.1.1.202309131626/tools/bin/../lib/gcc/arm-none-eabi/11.3.1/../../../../arm-none-eabi/lib/thumb/v7e-m+fp/hard/libc_nano.a
LOAD /home/skander/st/stm32cubeide_1.13.2/plugins/com.st.stm32cube.ide.mcu.externaltools.gnu-tools-for-stm32.11.3.rel1.linux64_1.1.1.202309131626/tools/bin/../lib/gcc/arm-none-eabi/11.3.1/../../../../arm-none-eabi/lib/thumb/v7e-m+fp/hard/libm.a
END GROUP
START GROUP
LOAD /home/skander/st/stm32cubeide_1.13.2/plugins/com.st.stm32cube.ide.mcu.externaltools.gnu-tools-for-stm32.11.3.rel1.linux64_1.1.1.202309131626/tools/bin/../lib/gcc/arm-none-eabi/11.3.1/thumb/v7e-m+fp/hard/libgcc.a
LOAD /home/skander/st/stm32cubeide_1.13.2/plugins/com.st.stm32cube.ide.mcu.externaltools.gnu-tools-for-stm32.11.3.rel1.linux64_1.1.1.202309131626/tools/bin/../lib/gcc/arm-none-eabi/11.3.1/../../../../arm-none-eabi/lib/thumb/v7e-m+fp/hard/libc_nano.a
END GROUP
START GROUP
LOAD /home/skander/st/stm32cubeide_1.13.2/plugins/com.st.stm32cube.ide.mcu.externaltools.gnu-tools-for-stm32.11.3.rel1.linux64_1.1.1.202309131626/tools/bin/../lib/gcc/arm-none-eabi/11.3.1/thumb/v7e-m+fp/hard/libgcc.a
LOAD /home/skander/st/stm32cubeide_1.13.2/plugins/com.st.stm32cube.ide.mcu.externaltools.gnu-tools-for-stm32.11.3.rel1.linux64_1.1.1.202309131626/tools/bin/../lib/gcc/arm-none-eabi/11.3.1/../../../../arm-none-eabi/lib/thumb/v7e-m+fp/hard/libc_nano.a
LOAD /home/skander/st/stm32cubeide_1.13.2/plugins/com.st.stm32cube.ide.mcu.externaltools.gnu-tools-for-stm32.11.3.rel1.linux64_1.1.1.202309131626/tools/bin/../lib/gcc/arm-none-eabi/11.3.1/../../../../arm-none-eabi/lib/thumb/v7e-m+fp/hard/libnosys.a
END GROUP
START GROUP
LOAD /home/skander/st/stm32cubeide_1.13.2/plugins/com.st.stm32cube.ide.mcu.externaltools.gnu-tools-for-stm32.11.3.rel1.linux64_1.1.1.202309131626/tools/bin/../lib/gcc/arm-none-eabi/11.3.1/thumb/v7e-m+fp/hard/libgcc.a
LOAD /home/skander/st/stm32cubeide_1.13.2/plugins/com.st.stm32cube.ide.mcu.externaltools.gnu-tools-for-stm32.11.3.rel1.linux64_1.1.1.202309131626/tools/bin/../lib/gcc/arm-none-eabi/11.3.1/../../../../arm-none-eabi/lib/thumb/v7e-m+fp/hard/libc_nano.a
LOAD /home/skander/st/stm32cubeide_1.13.2/plugins/com.st.stm32cube.ide.mcu.externaltools.gnu-tools-for-stm32.11.3.rel1.linux64_1.1.1.202309131626/tools/bin/../lib/gcc/arm-none-eabi/11.3.1/../../../../arm-none-eabi/lib/thumb/v7e-m+fp/hard/libnosys.a
END GROUP
LOAD /home/skander/st/stm32cubeide_1.13.2/plugins/com.st.stm32cube.ide.mcu.externaltools.gnu-tools-for-stm32.11.3.rel1.linux64_1.1.1.202309131626/tools/bin/../lib/gcc/arm-none-eabi/11.3.1/thumb/v7e-m+fp/hard/crtend.o
LOAD /home/skander/st/stm32cubeide_1.13.2/plugins/com.st.stm32cube.ide.mcu.externaltools.gnu-tools-for-stm32.11.3.rel1.linux64_1.1.1.202309131626/tools/bin/../lib/gcc/arm-none-eabi/11.3.1/thumb/v7e-m+fp/hard/crtn.o
                0x000000002001c000                _estack = (ORIGIN (RAM) + LENGTH (RAM))
                0x0000000000000800                _Min_Heap_Size = 0x800
                0x0000000000000800                _Min_Stack_Size = 0x800

.isr_vector     0x0000000008000000      0x188
                0x0000000008000000                . = ALIGN (0x4)
 *(.isr_vector)
 .isr_vector    0x0000000008000000      0x188 ./Core/Startup/startup_stm32f407vgtx.o
                0x0000000008000000                g_pfnVectors
                0x0000000008000188                . = ALIGN (0x4)

.text           0x0000000008000190     0x9478
                0x0000000008000190                . = ALIGN (0x4)
 *(.text)
 .text          0x0000000008000190       0x40 /home/skander/st/stm32cubeide_1.13.2/plugins/com.st.stm32cube.ide.mcu.externaltools.gnu-tools-for-stm32.11.3.rel1.linux64_1.1.1.202309131626/tools/bin/../lib/gcc/arm-none-eabi/11.3.1/thumb/v7e-m+fp/hard/crtbegin.o
 .text          0x00000000080001d0       0xa0 /home/skander/st/stm32cubeide_1.13.2/plugins/com.st.stm32cube.ide.mcu.externaltools.gnu-tools-for-stm32.11.3.rel1.linux64_1.1.1.202309131626/tools/bin/../lib/gcc/arm-none-eabi/11.3.1/../../../../arm-none-eabi/lib/thumb/v7e-m+fp/hard/libc_nano.a(libc_a-memchr.o)
                0x00000000080001d0                memchr
 .text          0x0000000008000270       0x10 /home/skander/st/stm32cubeide_1.13.2/plugins/com.st.stm32cube.ide.mcu.externaltools.gnu-tools-for-stm32.11.3.rel1.linux64_1.1.1.202309131626/tools/bin/../lib/gcc/arm-none-eabi/11.3.1/../../../../arm-none-eabi/lib/thumb/v7e-m+fp/hard/libc_nano.a(libc_a-strlen.o)
                0x0000000008000270                strlen
 .text          0x0000000008000280      0x378 /home/skander/st/stm32cubeide_1.13.2/plugins/com.st.stm32cube.ide.mcu.externaltools.gnu-tools-for-stm32.11.3.rel1.linux64_1.1.1.202309131626/tools/bin/../lib/gcc/arm-none-eabi/11.3.1/thumb/v7e-m+fp/hard/libgcc.a(_arm_addsubdf3.o)
                0x0000000008000280                __aeabi_drsub
                0x0000000008000288                __aeabi_dsub
                0x0000000008000288                __subdf3
                0x000000000800028c                __adddf3
                0x000000000800028c                __aeabi_dadd
                0x0000000008000504                __aeabi_ui2d
                0x0000000008000504                __floatunsidf
                0x0000000008000524                __floatsidf
                0x0000000008000524                __aeabi_i2d
                0x0000000008000548                __extendsfdf2
                0x0000000008000548                __aeabi_f2d
                0x000000000800058c                __aeabi_ul2d
                0x000000000800058c                __floatundidf
                0x000000000800059c                __floatdidf
                0x000000000800059c                __aeabi_l2d
 .text          0x00000000080005f8      0x424 /home/skander/st/stm32cubeide_1.13.2/plugins/com.st.stm32cube.ide.mcu.externaltools.gnu-tools-for-stm32.11.3.rel1.linux64_1.1.1.202309131626/tools/bin/../lib/gcc/arm-none-eabi/11.3.1/thumb/v7e-m+fp/hard/libgcc.a(_arm_muldivdf3.o)
                0x00000000080005f8                __aeabi_dmul
                0x00000000080005f8                __muldf3
                0x000000000800084c                __aeabi_ddiv
                0x000000000800084c                __divdf3
 .text          0x0000000008000a1c      0x110 /home/skander/st/stm32cubeide_1.13.2/plugins/com.st.stm32cube.ide.mcu.externaltools.gnu-tools-for-stm32.11.3.rel1.linux64_1.1.1.202309131626/tools/bin/../lib/gcc/arm-none-eabi/11.3.1/thumb/v7e-m+fp/hard/libgcc.a(_arm_cmpdf2.o)
                0x0000000008000a1c                __gtdf2
                0x0000000008000a1c                __gedf2
                0x0000000008000a24                __ltdf2
                0x0000000008000a24                __ledf2
                0x0000000008000a2c                __cmpdf2
                0x0000000008000a2c                __eqdf2
                0x0000000008000a2c                __nedf2
                0x0000000008000aa8                __aeabi_cdrcmple
                0x0000000008000ab8                __aeabi_cdcmple
                0x0000000008000ab8                __aeabi_cdcmpeq
                0x0000000008000ac8                __aeabi_dcmpeq
                0x0000000008000adc                __aeabi_dcmplt
                0x0000000008000af0                __aeabi_dcmple
                0x0000000008000b04                __aeabi_dcmpge
                0x0000000008000b18                __aeabi_dcmpgt
 .text          0x0000000008000b2c       0x2c /home/skander/st/stm32cubeide_1.13.2/plugins/com.st.stm32cube.ide.mcu.externaltools.gnu-tools-for-stm32.11.3.rel1.linux64_1.1.1.202309131626/tools/bin/../lib/gcc/arm-none-eabi/11.3.1/thumb/v7e-m+fp/hard/libgcc.a(_arm_unorddf2.o)
                0x0000000008000b2c                __aeabi_dcmpun
                0x0000000008000b2c                __unorddf2
 .text          0x0000000008000b58       0x50 /home/skander/st/stm32cubeide_1.13.2/plugins/com.st.stm32cube.ide.mcu.externaltools.gnu-tools-for-stm32.11.3.rel1.linux64_1.1.1.202309131626/tools/bin/../lib/gcc/arm-none-eabi/11.3.1/thumb/v7e-m+fp/hard/libgcc.a(_arm_fixdfsi.o)
                0x0000000008000b58                __fixdfsi
                0x0000000008000b58                __aeabi_d2iz
 .text          0x0000000008000ba8       0x30 /home/skander/st/stm32cubeide_1.13.2/plugins/com.st.stm32cube.ide.mcu.externaltools.gnu-tools-for-stm32.11.3.rel1.linux64_1.1.1.202309131626/tools/bin/../lib/gcc/arm-none-eabi/11.3.1/thumb/v7e-m+fp/hard/libgcc.a(_aeabi_uldivmod.o)
                0x0000000008000ba8                __aeabi_uldivmod
 .text          0x0000000008000bd8      0x2c8 /home/skander/st/stm32cubeide_1.13.2/plugins/com.st.stm32cube.ide.mcu.externaltools.gnu-tools-for-stm32.11.3.rel1.linux64_1.1.1.202309131626/tools/bin/../lib/gcc/arm-none-eabi/11.3.1/thumb/v7e-m+fp/hard/libgcc.a(_udivmoddi4.o)
                0x0000000008000bd8                __udivmoddi4
 .text          0x0000000008000ea0        0x4 /home/skander/st/stm32cubeide_1.13.2/plugins/com.st.stm32cube.ide.mcu.externaltools.gnu-tools-for-stm32.11.3.rel1.linux64_1.1.1.202309131626/tools/bin/../lib/gcc/arm-none-eabi/11.3.1/thumb/v7e-m+fp/hard/libgcc.a(_dvmd_tls.o)
                0x0000000008000ea0                __aeabi_ldiv0
                0x0000000008000ea0                __aeabi_idiv0
 *(.text*)
 .text.LIS3DSH_WriteIO
                0x0000000008000ea4       0x54 ./Core/Src/MY_LIS3DSH.o
                0x0000000008000ea4                LIS3DSH_WriteIO
 .text.LIS3DSH_ReadIO
                0x0000000008000ef8       0x88 ./Core/Src/MY_LIS3DSH.o
                0x0000000008000ef8                LIS3DSH_ReadIO
 .text.LIS3DSH_Init
                0x0000000008000f80      0x1a0 ./Core/Src/MY_LIS3DSH.o
                0x0000000008000f80                LIS3DSH_Init
 .text.LIS3DSH_GetDataRaw
                0x0000000008001120       0x86 ./Core/Src/MY_LIS3DSH.o
                0x0000000008001120                LIS3DSH_GetDataRaw
 *fill*         0x00000000080011a6        0x2 
 .text.LIS3DSH_GetDataScaled
                0x00000000080011a8      0x104 ./Core/Src/MY_LIS3DSH.o
                0x00000000080011a8                LIS3DSH_GetDataScaled
 .text.LIS3DSH_PollDRDY
                0x00000000080012ac       0x5c ./Core/Src/MY_LIS3DSH.o
                0x00000000080012ac                LIS3DSH_PollDRDY
 .text.LIS3DSH_X_calibrate
                0x0000000008001308       0x5c ./Core/Src/MY_LIS3DSH.o
                0x0000000008001308                LIS3DSH_X_calibrate
 .text.LIS3DSH_Y_calibrate
                0x0000000008001364       0x5c ./Core/Src/MY_LIS3DSH.o
                0x0000000008001364                LIS3DSH_Y_calibrate
 .text.LIS3DSH_Z_calibrate
                0x00000000080013c0       0x5c ./Core/Src/MY_LIS3DSH.o
                0x00000000080013c0                LIS3DSH_Z_calibrate
 .text.main     0x000000000800141c      0x49c ./Core/Src/main.o
                0x000000000800141c                main
 .text.SystemClock_Config
                0x00000000080018b8       0xd4 ./Core/Src/main.o
                0x00000000080018b8                SystemClock_Config
 .text.MX_SPI1_Init
                0x000000000800198c       0x6c ./Core/Src/main.o
 .text.MX_TIM3_Init
                0x00000000080019f8       0x9c ./Core/Src/main.o
 .text.MX_USART3_UART_Init
                0x0000000008001a94       0x54 ./Core/Src/main.o
 .text.MX_GPIO_Init
                0x0000000008001ae8      0x108 ./Core/Src/main.o
 .text.Error_Handler
                0x0000000008001bf0        0xa ./Core/Src/main.o
                0x0000000008001bf0                Error_Handler
 *fill*         0x0000000008001bfa        0x2 
 .text.HAL_MspInit
                0x0000000008001bfc       0x50 ./Core/Src/stm32f4xx_hal_msp.o
                0x0000000008001bfc                HAL_MspInit
 .text.HAL_SPI_MspInit
                0x0000000008001c4c       0x90 ./Core/Src/stm32f4xx_hal_msp.o
                0x0000000008001c4c                HAL_SPI_MspInit
 .text.HAL_TIM_Base_MspInit
                0x0000000008001cdc       0x44 ./Core/Src/stm32f4xx_hal_msp.o
                0x0000000008001cdc                HAL_TIM_Base_MspInit
 .text.HAL_UART_MspInit
                0x0000000008001d20       0x90 ./Core/Src/stm32f4xx_hal_msp.o
                0x0000000008001d20                HAL_UART_MspInit
 .text.NMI_Handler
                0x0000000008001db0        0x6 ./Core/Src/stm32f4xx_it.o
                0x0000000008001db0                NMI_Handler
 .text.HardFault_Handler
                0x0000000008001db6        0x6 ./Core/Src/stm32f4xx_it.o
                0x0000000008001db6                HardFault_Handler
 .text.MemManage_Handler
                0x0000000008001dbc        0x6 ./Core/Src/stm32f4xx_it.o
                0x0000000008001dbc                MemManage_Handler
 .text.BusFault_Handler
                0x0000000008001dc2        0x6 ./Core/Src/stm32f4xx_it.o
                0x0000000008001dc2                BusFault_Handler
 .text.UsageFault_Handler
                0x0000000008001dc8        0x6 ./Core/Src/stm32f4xx_it.o
                0x0000000008001dc8                UsageFault_Handler
 .text.SVC_Handler
                0x0000000008001dce        0xe ./Core/Src/stm32f4xx_it.o
                0x0000000008001dce                SVC_Handler
 .text.DebugMon_Handler
                0x0000000008001ddc        0xe ./Core/Src/stm32f4xx_it.o
                0x0000000008001ddc                DebugMon_Handler
 .text.PendSV_Handler
                0x0000000008001dea        0xe ./Core/Src/stm32f4xx_it.o
                0x0000000008001dea                PendSV_Handler
 .text.SysTick_Handler
                0x0000000008001df8        0xc ./Core/Src/stm32f4xx_it.o
                0x0000000008001df8                SysTick_Handler
 .text._getpid  0x0000000008001e04       0x10 ./Core/Src/syscalls.o
                0x0000000008001e04                _getpid
 .text._kill    0x0000000008001e14       0x20 ./Core/Src/syscalls.o
                0x0000000008001e14                _kill
 .text._exit    0x0000000008001e34       0x14 ./Core/Src/syscalls.o
                0x0000000008001e34                _exit
 .text._read    0x0000000008001e48       0x3a ./Core/Src/syscalls.o
                0x0000000008001e48                _read
 .text._write   0x0000000008001e82       0x38 ./Core/Src/syscalls.o
                0x0000000008001e82                _write
 .text._close   0x0000000008001eba       0x18 ./Core/Src/syscalls.o
                0x0000000008001eba                _close
 .text._fstat   0x0000000008001ed2       0x20 ./Core/Src/syscalls.o
                0x0000000008001ed2                _fstat
 .text._isatty  0x0000000008001ef2       0x16 ./Core/Src/syscalls.o
                0x0000000008001ef2                _isatty
 .text._lseek   0x0000000008001f08       0x1a ./Core/Src/syscalls.o
                0x0000000008001f08                _lseek
 *fill*         0x0000000008001f22        0x2 
 .text._sbrk    0x0000000008001f24       0x6c ./Core/Src/sysmem.o
                0x0000000008001f24                _sbrk
 .text.SystemInit
                0x0000000008001f90       0x24 ./Core/Src/system_stm32f4xx.o
                0x0000000008001f90                SystemInit
 .text.Reset_Handler
                0x0000000008001fb4       0x50 ./Core/Startup/startup_stm32f407vgtx.o
                0x0000000008001fb4                Reset_Handler
 .text.Default_Handler
                0x0000000008002004        0x2 ./Core/Startup/startup_stm32f407vgtx.o
                0x0000000008002004                RTC_Alarm_IRQHandler
                0x0000000008002004                HASH_RNG_IRQHandler
                0x0000000008002004                EXTI2_IRQHandler
                0x0000000008002004                TIM8_CC_IRQHandler
                0x0000000008002004                TIM1_CC_IRQHandler
                0x0000000008002004                DMA2_Stream5_IRQHandler
                0x0000000008002004                DMA1_Stream5_IRQHandler
                0x0000000008002004                PVD_IRQHandler
                0x0000000008002004                SDIO_IRQHandler
                0x0000000008002004                TAMP_STAMP_IRQHandler
                0x0000000008002004                CAN2_RX1_IRQHandler
                0x0000000008002004                EXTI3_IRQHandler
                0x0000000008002004                TIM8_TRG_COM_TIM14_IRQHandler
                0x0000000008002004                TIM1_UP_TIM10_IRQHandler
                0x0000000008002004                TIM8_UP_TIM13_IRQHandler
                0x0000000008002004                I2C3_ER_IRQHandler
                0x0000000008002004                EXTI0_IRQHandler
                0x0000000008002004                I2C2_EV_IRQHandler
                0x0000000008002004                DMA1_Stream2_IRQHandler
                0x0000000008002004                CAN1_RX0_IRQHandler
                0x0000000008002004                FPU_IRQHandler
                0x0000000008002004                OTG_HS_WKUP_IRQHandler
                0x0000000008002004                CAN2_SCE_IRQHandler
                0x0000000008002004                DMA2_Stream2_IRQHandler
                0x0000000008002004                SPI1_IRQHandler
                0x0000000008002004                TIM6_DAC_IRQHandler
                0x0000000008002004                TIM1_BRK_TIM9_IRQHandler
                0x0000000008002004                DCMI_IRQHandler
                0x0000000008002004                CAN2_RX0_IRQHandler
                0x0000000008002004                DMA2_Stream3_IRQHandler
                0x0000000008002004                USART6_IRQHandler
                0x0000000008002004                USART3_IRQHandler
                0x0000000008002004                CAN1_RX1_IRQHandler
                0x0000000008002004                UART5_IRQHandler
                0x0000000008002004                DMA2_Stream0_IRQHandler
                0x0000000008002004                TIM4_IRQHandler
                0x0000000008002004                I2C1_EV_IRQHandler
                0x0000000008002004                DMA1_Stream6_IRQHandler
                0x0000000008002004                DMA1_Stream1_IRQHandler
                0x0000000008002004                UART4_IRQHandler
                0x0000000008002004                TIM3_IRQHandler
                0x0000000008002004                RCC_IRQHandler
                0x0000000008002004                TIM8_BRK_TIM12_IRQHandler
                0x0000000008002004                Default_Handler
                0x0000000008002004                EXTI15_10_IRQHandler
                0x0000000008002004                ADC_IRQHandler
                0x0000000008002004                DMA1_Stream7_IRQHandler
                0x0000000008002004                TIM7_IRQHandler
                0x0000000008002004                CAN2_TX_IRQHandler
                0x0000000008002004                TIM5_IRQHandler
                0x0000000008002004                DMA2_Stream7_IRQHandler
                0x0000000008002004                I2C3_EV_IRQHandler
                0x0000000008002004                EXTI9_5_IRQHandler
                0x0000000008002004                RTC_WKUP_IRQHandler
                0x0000000008002004                ETH_WKUP_IRQHandler
                0x0000000008002004                SPI2_IRQHandler
                0x0000000008002004                OTG_HS_EP1_IN_IRQHandler
                0x0000000008002004                DMA1_Stream0_IRQHandler
                0x0000000008002004                CAN1_TX_IRQHandler
                0x0000000008002004                EXTI4_IRQHandler
                0x0000000008002004                FSMC_IRQHandler
                0x0000000008002004                ETH_IRQHandler
                0x0000000008002004                OTG_HS_EP1_OUT_IRQHandler
                0x0000000008002004                WWDG_IRQHandler
                0x0000000008002004                TIM2_IRQHandler
                0x0000000008002004                OTG_FS_WKUP_IRQHandler
                0x0000000008002004                TIM1_TRG_COM_TIM11_IRQHandler
                0x0000000008002004                OTG_HS_IRQHandler
                0x0000000008002004                EXTI1_IRQHandler
                0x0000000008002004                USART2_IRQHandler
                0x0000000008002004                I2C2_ER_IRQHandler
                0x0000000008002004                DMA2_Stream1_IRQHandler
                0x0000000008002004                CAN1_SCE_IRQHandler
                0x0000000008002004                FLASH_IRQHandler
                0x0000000008002004                DMA2_Stream4_IRQHandler
                0x0000000008002004                USART1_IRQHandler
                0x0000000008002004                OTG_FS_IRQHandler
                0x0000000008002004                SPI3_IRQHandler
                0x0000000008002004                DMA1_Stream4_IRQHandler
                0x0000000008002004                I2C1_ER_IRQHandler
                0x0000000008002004                DMA2_Stream6_IRQHandler
                0x0000000008002004                DMA1_Stream3_IRQHandler
 *fill*         0x0000000008002006        0x2 
 .text.HAL_Init
                0x0000000008002008       0x44 ./Drivers/STM32F4xx_HAL_Driver/Src/stm32f4xx_hal.o
                0x0000000008002008                HAL_Init
 .text.HAL_InitTick
                0x000000000800204c       0x60 ./Drivers/STM32F4xx_HAL_Driver/Src/stm32f4xx_hal.o
                0x000000000800204c                HAL_InitTick
 .text.HAL_IncTick
                0x00000000080020ac       0x28 ./Drivers/STM32F4xx_HAL_Driver/Src/stm32f4xx_hal.o
                0x00000000080020ac                HAL_IncTick
 .text.HAL_GetTick
                0x00000000080020d4       0x18 ./Drivers/STM32F4xx_HAL_Driver/Src/stm32f4xx_hal.o
                0x00000000080020d4                HAL_GetTick
 .text.HAL_Delay
                0x00000000080020ec       0x48 ./Drivers/STM32F4xx_HAL_Driver/Src/stm32f4xx_hal.o
                0x00000000080020ec                HAL_Delay
 .text.__NVIC_SetPriorityGrouping
                0x0000000008002134       0x48 ./Drivers/STM32F4xx_HAL_Driver/Src/stm32f4xx_hal_cortex.o
 .text.__NVIC_GetPriorityGrouping
                0x000000000800217c       0x1c ./Drivers/STM32F4xx_HAL_Driver/Src/stm32f4xx_hal_cortex.o
 .text.__NVIC_SetPriority
                0x0000000008002198       0x54 ./Drivers/STM32F4xx_HAL_Driver/Src/stm32f4xx_hal_cortex.o
 .text.NVIC_EncodePriority
                0x00000000080021ec       0x66 ./Drivers/STM32F4xx_HAL_Driver/Src/stm32f4xx_hal_cortex.o
 *fill*         0x0000000008002252        0x2 
 .text.SysTick_Config
                0x0000000008002254       0x44 ./Drivers/STM32F4xx_HAL_Driver/Src/stm32f4xx_hal_cortex.o
 .text.HAL_NVIC_SetPriorityGrouping
                0x0000000008002298       0x16 ./Drivers/STM32F4xx_HAL_Driver/Src/stm32f4xx_hal_cortex.o
                0x0000000008002298                HAL_NVIC_SetPriorityGrouping
 .text.HAL_NVIC_SetPriority
                0x00000000080022ae       0x38 ./Drivers/STM32F4xx_HAL_Driver/Src/stm32f4xx_hal_cortex.o
                0x00000000080022ae                HAL_NVIC_SetPriority
 .text.HAL_SYSTICK_Config
                0x00000000080022e6       0x18 ./Drivers/STM32F4xx_HAL_Driver/Src/stm32f4xx_hal_cortex.o
                0x00000000080022e6                HAL_SYSTICK_Config
 *fill*         0x00000000080022fe        0x2 
 .text.HAL_GPIO_Init
                0x0000000008002300      0x338 ./Drivers/STM32F4xx_HAL_Driver/Src/stm32f4xx_hal_gpio.o
                0x0000000008002300                HAL_GPIO_Init
 .text.HAL_GPIO_WritePin
                0x0000000008002638       0x32 ./Drivers/STM32F4xx_HAL_Driver/Src/stm32f4xx_hal_gpio.o
                0x0000000008002638                HAL_GPIO_WritePin
 *fill*         0x000000000800266a        0x2 
 .text.HAL_RCC_OscConfig
                0x000000000800266c      0x4f0 ./Drivers/STM32F4xx_HAL_Driver/Src/stm32f4xx_hal_rcc.o
                0x000000000800266c                HAL_RCC_OscConfig
 .text.HAL_RCC_ClockConfig
                0x0000000008002b5c      0x1cc ./Drivers/STM32F4xx_HAL_Driver/Src/stm32f4xx_hal_rcc.o
                0x0000000008002b5c                HAL_RCC_ClockConfig
 .text.HAL_RCC_GetSysClockFreq
                0x0000000008002d28      0x18c ./Drivers/STM32F4xx_HAL_Driver/Src/stm32f4xx_hal_rcc.o
                0x0000000008002d28                HAL_RCC_GetSysClockFreq
 .text.HAL_RCC_GetHCLKFreq
                0x0000000008002eb4       0x18 ./Drivers/STM32F4xx_HAL_Driver/Src/stm32f4xx_hal_rcc.o
                0x0000000008002eb4                HAL_RCC_GetHCLKFreq
 .text.HAL_RCC_GetPCLK1Freq
                0x0000000008002ecc       0x28 ./Drivers/STM32F4xx_HAL_Driver/Src/stm32f4xx_hal_rcc.o
                0x0000000008002ecc                HAL_RCC_GetPCLK1Freq
 .text.HAL_RCC_GetPCLK2Freq
                0x0000000008002ef4       0x28 ./Drivers/STM32F4xx_HAL_Driver/Src/stm32f4xx_hal_rcc.o
                0x0000000008002ef4                HAL_RCC_GetPCLK2Freq
 .text.HAL_SPI_Init
                0x0000000008002f1c      0x112 ./Drivers/STM32F4xx_HAL_Driver/Src/stm32f4xx_hal_spi.o
                0x0000000008002f1c                HAL_SPI_Init
 .text.HAL_SPI_Transmit
                0x000000000800302e      0x288 ./Drivers/STM32F4xx_HAL_Driver/Src/stm32f4xx_hal_spi.o
                0x000000000800302e                HAL_SPI_Transmit
 .text.HAL_SPI_Receive
                0x00000000080032b6      0x232 ./Drivers/STM32F4xx_HAL_Driver/Src/stm32f4xx_hal_spi.o
                0x00000000080032b6                HAL_SPI_Receive
 .text.HAL_SPI_TransmitReceive
                0x00000000080034e8      0x352 ./Drivers/STM32F4xx_HAL_Driver/Src/stm32f4xx_hal_spi.o
                0x00000000080034e8                HAL_SPI_TransmitReceive
 *fill*         0x000000000800383a        0x2 
 .text.SPI_WaitFlagStateUntilTimeout
                0x000000000800383c      0x110 ./Drivers/STM32F4xx_HAL_Driver/Src/stm32f4xx_hal_spi.o
 .text.SPI_EndRxTransaction
                0x000000000800394c       0xca ./Drivers/STM32F4xx_HAL_Driver/Src/stm32f4xx_hal_spi.o
 *fill*         0x0000000008003a16        0x2 
 .text.SPI_EndRxTxTransaction
                0x0000000008003a18       0xa8 ./Drivers/STM32F4xx_HAL_Driver/Src/stm32f4xx_hal_spi.o
 .text.HAL_TIM_Base_Init
                0x0000000008003ac0       0x9e ./Drivers/STM32F4xx_HAL_Driver/Src/stm32f4xx_hal_tim.o
                0x0000000008003ac0                HAL_TIM_Base_Init
 .text.HAL_TIM_ConfigClockSource
                0x0000000008003b5e      0x18e ./Drivers/STM32F4xx_HAL_Driver/Src/stm32f4xx_hal_tim.o
                0x0000000008003b5e                HAL_TIM_ConfigClockSource
 .text.TIM_Base_SetConfig
                0x0000000008003cec      0x158 ./Drivers/STM32F4xx_HAL_Driver/Src/stm32f4xx_hal_tim.o
                0x0000000008003cec                TIM_Base_SetConfig
 .text.TIM_TI1_ConfigInputStage
                0x0000000008003e44       0x5e ./Drivers/STM32F4xx_HAL_Driver/Src/stm32f4xx_hal_tim.o
 .text.TIM_TI2_ConfigInputStage
                0x0000000008003ea2       0x60 ./Drivers/STM32F4xx_HAL_Driver/Src/stm32f4xx_hal_tim.o
 .text.TIM_ITRx_SetConfig
                0x0000000008003f02       0x36 ./Drivers/STM32F4xx_HAL_Driver/Src/stm32f4xx_hal_tim.o
 .text.TIM_ETR_SetConfig
                0x0000000008003f38       0x40 ./Drivers/STM32F4xx_HAL_Driver/Src/stm32f4xx_hal_tim.o
                0x0000000008003f38                TIM_ETR_SetConfig
 .text.HAL_TIMEx_MasterConfigSynchronization
                0x0000000008003f78       0xf8 ./Drivers/STM32F4xx_HAL_Driver/Src/stm32f4xx_hal_tim_ex.o
                0x0000000008003f78                HAL_TIMEx_MasterConfigSynchronization
 .text.HAL_UART_Init
                0x0000000008004070       0xa0 ./Drivers/STM32F4xx_HAL_Driver/Src/stm32f4xx_hal_uart.o
                0x0000000008004070                HAL_UART_Init
 .text.HAL_UART_Transmit
                0x0000000008004110      0x116 ./Drivers/STM32F4xx_HAL_Driver/Src/stm32f4xx_hal_uart.o
                0x0000000008004110                HAL_UART_Transmit
 .text.UART_WaitOnFlagUntilTimeout
                0x0000000008004226       0xb2 ./Drivers/STM32F4xx_HAL_Driver/Src/stm32f4xx_hal_uart.o
 .text.UART_EndRxTransfer
                0x00000000080042d8       0xc6 ./Drivers/STM32F4xx_HAL_Driver/Src/stm32f4xx_hal_uart.o
 *fill*         0x000000000800439e        0x2 
 .text.UART_SetConfig
                0x00000000080043a0      0x4e8 ./Drivers/STM32F4xx_HAL_Driver/Src/stm32f4xx_hal_uart.o
 .text.model_configure_activations
                0x0000000008004888       0xe4 ./X-CUBE-AI/App/model.o
 .text.model_configure_weights
                0x000000000800496c      0x120 ./X-CUBE-AI/App/model.o
 .text.ai_model_create
                0x0000000008004a8c       0x2c ./X-CUBE-AI/App/model.o
                0x0000000008004a8c                ai_model_create
 .text.ai_model_inputs_get
                0x0000000008004ab8       0x34 ./X-CUBE-AI/App/model.o
                0x0000000008004ab8                ai_model_inputs_get
 .text.ai_model_outputs_get
                0x0000000008004aec       0x34 ./X-CUBE-AI/App/model.o
                0x0000000008004aec                ai_model_outputs_get
 .text.ai_model_init
                0x0000000008004b20       0x78 ./X-CUBE-AI/App/model.o
                0x0000000008004b20                ai_model_init
 .text.ai_model_run
                0x0000000008004b98       0x20 ./X-CUBE-AI/App/model.o
                0x0000000008004b98                ai_model_run
 .text.ai_model_data_activations_buffer_get
                0x0000000008004bb8       0x68 ./X-CUBE-AI/App/model_data.o
                0x0000000008004bb8                ai_model_data_activations_buffer_get
 .text.ai_model_data_weights_buffer_get
                0x0000000008004c20       0x68 ./X-CUBE-AI/App/model_data.o
                0x0000000008004c20                ai_model_data_weights_buffer_get
 .text.ai_model_data_weights_get
                0x0000000008004c88       0x14 ./X-CUBE-AI/App/model_data.o
                0x0000000008004c88                ai_model_data_weights_get
 .text.ai_buffer_get_size
                0x0000000008004c9c       0x68 ../Middlewares/ST/AI/Lib/NetworkRuntime910_CM4_GCC.a(ai_platform.o)
                0x0000000008004c9c                ai_buffer_get_size
 .text.ai_buffer_array_sane
                0x0000000008004d04       0x14 ../Middlewares/ST/AI/Lib/NetworkRuntime910_CM4_GCC.a(ai_platform.o)
                0x0000000008004d04                ai_buffer_array_sane
 .text.ai_platform_get_weights_map
                0x0000000008004d18       0xa8 ../Middlewares/ST/AI/Lib/NetworkRuntime910_CM4_GCC.a(ai_platform_interface.o)
                0x0000000008004d18                ai_platform_get_weights_map
 .text.ai_platform_get_activations_map
                0x0000000008004dc0       0xa8 ../Middlewares/ST/AI/Lib/NetworkRuntime910_CM4_GCC.a(ai_platform_interface.o)
                0x0000000008004dc0                ai_platform_get_activations_map
 .text.ai_platform_network_set_error
                0x0000000008004e68        0xc ../Middlewares/ST/AI/Lib/NetworkRuntime910_CM4_GCC.a(ai_platform_interface.o)
                0x0000000008004e68                ai_platform_network_set_error
 .text.ai_platform_inputs_get
                0x0000000008004e74       0xec ../Middlewares/ST/AI/Lib/NetworkRuntime910_CM4_GCC.a(ai_platform_interface.o)
                0x0000000008004e74                ai_platform_inputs_get
 .text.ai_platform_outputs_get
                0x0000000008004f60       0xe8 ../Middlewares/ST/AI/Lib/NetworkRuntime910_CM4_GCC.a(ai_platform_interface.o)
                0x0000000008004f60                ai_platform_outputs_get
 .text.ai_platform_network_create
                0x0000000008005048       0x84 ../Middlewares/ST/AI/Lib/NetworkRuntime910_CM4_GCC.a(ai_platform_interface.o)
                0x0000000008005048                ai_platform_network_create
 .text.ai_platform_network_init
                0x00000000080050cc      0x19c ../Middlewares/ST/AI/Lib/NetworkRuntime910_CM4_GCC.a(ai_platform_interface.o)
                0x00000000080050cc                ai_platform_network_init
 .text.ai_platform_network_post_init
                0x0000000008005268       0x60 ../Middlewares/ST/AI/Lib/NetworkRuntime910_CM4_GCC.a(ai_platform_interface.o)
                0x0000000008005268                ai_platform_network_post_init
 .text.ai_platform_network_process
                0x00000000080052c8      0x480 ../Middlewares/ST/AI/Lib/NetworkRuntime910_CM4_GCC.a(ai_platform_interface.o)
                0x00000000080052c8                ai_platform_network_process
 .text.core_init
                0x0000000008005748        0x4 ../Middlewares/ST/AI/Lib/NetworkRuntime910_CM4_GCC.a(core_common.o)
                0x0000000008005748                core_init
 .text.core_set_error
                0x000000000800574c       0x18 ../Middlewares/ST/AI/Lib/NetworkRuntime910_CM4_GCC.a(core_common.o)
                0x000000000800574c                core_set_error
 .text.ai_check_custom_types
                0x0000000008005764       0x54 ../Middlewares/ST/AI/Lib/NetworkRuntime910_CM4_GCC.a(layers.o)
                0x0000000008005764                ai_check_custom_types
 .text.ai_layers_init_all
                0x00000000080057b8       0x1c ../Middlewares/ST/AI/Lib/NetworkRuntime910_CM4_GCC.a(layers.o)
                0x00000000080057b8                ai_layers_init_all
 .text.ai_layers_post_init_all
                0x00000000080057d4       0x28 ../Middlewares/ST/AI/Lib/NetworkRuntime910_CM4_GCC.a(layers.o)
                0x00000000080057d4                ai_layers_post_init_all
 .text.ai_layers_forward_all
                0x00000000080057fc       0x94 ../Middlewares/ST/AI/Lib/NetworkRuntime910_CM4_GCC.a(layers.o)
                0x00000000080057fc                ai_layers_forward_all
 .text.forward_dense
                0x0000000008005890       0xfc ../Middlewares/ST/AI/Lib/NetworkRuntime910_CM4_GCC.a(layers_conv2d_generic_float.o)
                0x0000000008005890                forward_dense
 .text.forward_relu
                0x000000000800598c      0x138 ../Middlewares/ST/AI/Lib/NetworkRuntime910_CM4_GCC.a(layers_nl_generic_float.o)
                0x000000000800598c                forward_relu
 .text.forward_sm
                0x0000000008005ac4       0x78 ../Middlewares/ST/AI/Lib/NetworkRuntime910_CM4_GCC.a(layers_nl_generic_float.o)
                0x0000000008005ac4                forward_sm
 .text.forward_lite_nl_softmax_if32of32_kernel
                0x0000000008005b3c       0x94 ../Middlewares/ST/AI/Lib/NetworkRuntime910_CM4_GCC.a(lite_nl_softmax_if32of32.o)
                0x0000000008005b3c                forward_lite_nl_softmax_if32of32_kernel
 .text.forward_lite_nl_relu_generic_if32of32_kernel
                0x0000000008005bd0       0xfc ../Middlewares/ST/AI/Lib/NetworkRuntime910_CM4_GCC.a(lite_nl_relu_if32of32.o)
                0x0000000008005bd0                forward_lite_nl_relu_generic_if32of32_kernel
 .text.forward_lite_dense_if32of32wf32
                0x0000000008005ccc      0x2b4 ../Middlewares/ST/AI/Lib/NetworkRuntime910_CM4_GCC.a(lite_dense_if32.o)
                0x0000000008005ccc                forward_lite_dense_if32of32wf32
 .text.forward_lite_dense_if32of32wf32_lut4
                0x0000000008005f80      0x250 ../Middlewares/ST/AI/Lib/NetworkRuntime910_CM4_GCC.a(lite_dense_if32.o)
                0x0000000008005f80                forward_lite_dense_if32of32wf32_lut4
 .text.forward_lite_dense_if32of32wf32_lut8
                0x00000000080061d0      0x25c ../Middlewares/ST/AI/Lib/NetworkRuntime910_CM4_GCC.a(lite_dense_if32.o)
                0x00000000080061d0                forward_lite_dense_if32of32wf32_lut8
 .text.st_int8_copy
                0x000000000800642c      0x10c ../Middlewares/ST/AI/Lib/NetworkRuntime910_CM4_GCC.a(st_int8_fill.o)
                0x000000000800642c                st_int8_copy
 .text.ai_array_to_buffer_fmt
                0x0000000008006538       0xe0 ../Middlewares/ST/AI/Lib/NetworkRuntime910_CM4_GCC.a(ai_datatypes_format.o)
                0x0000000008006538                ai_array_to_buffer_fmt
 .text.ai_array_get_data_byte_size
                0x0000000008006618       0x24 ../Middlewares/ST/AI/Lib/NetworkRuntime910_CM4_GCC.a(ai_datatypes_format.o)
                0x0000000008006618                ai_array_get_data_byte_size
 .text.ai_version_get
                0x000000000800663c        0xc ../Middlewares/ST/AI/Lib/NetworkRuntime910_CM4_GCC.a(ai_datatypes_internal.o)
                0x000000000800663c                ai_version_get
 .text.get_tensor_byte_size
                0x0000000008006648       0x30 ../Middlewares/ST/AI/Lib/NetworkRuntime910_CM4_GCC.a(ai_datatypes_internal.o)
                0x0000000008006648                get_tensor_byte_size
 .text.malloc   0x0000000008006678       0x10 /home/skander/st/stm32cubeide_1.13.2/plugins/com.st.stm32cube.ide.mcu.externaltools.gnu-tools-for-stm32.11.3.rel1.linux64_1.1.1.202309131626/tools/bin/../lib/gcc/arm-none-eabi/11.3.1/../../../../arm-none-eabi/lib/thumb/v7e-m+fp/hard/libc_nano.a(libc_a-malloc.o)
                0x0000000008006678                malloc
 .text.sbrk_aligned
                0x0000000008006688       0x40 /home/skander/st/stm32cubeide_1.13.2/plugins/com.st.stm32cube.ide.mcu.externaltools.gnu-tools-for-stm32.11.3.rel1.linux64_1.1.1.202309131626/tools/bin/../lib/gcc/arm-none-eabi/11.3.1/../../../../arm-none-eabi/lib/thumb/v7e-m+fp/hard/libc_nano.a(libc_a-mallocr.o)
 .text._malloc_r
                0x00000000080066c8      0x100 /home/skander/st/stm32cubeide_1.13.2/plugins/com.st.stm32cube.ide.mcu.externaltools.gnu-tools-for-stm32.11.3.rel1.linux64_1.1.1.202309131626/tools/bin/../lib/gcc/arm-none-eabi/11.3.1/../../../../arm-none-eabi/lib/thumb/v7e-m+fp/hard/libc_nano.a(libc_a-mallocr.o)
                0x00000000080066c8                _malloc_r
 .text.__malloc_lock
                0x00000000080067c8        0xc /home/skander/st/stm32cubeide_1.13.2/plugins/com.st.stm32cube.ide.mcu.externaltools.gnu-tools-for-stm32.11.3.rel1.linux64_1.1.1.202309131626/tools/bin/../lib/gcc/arm-none-eabi/11.3.1/../../../../arm-none-eabi/lib/thumb/v7e-m+fp/hard/libc_nano.a(libc_a-mlock.o)
                0x00000000080067c8                __malloc_lock
 .text.__malloc_unlock
                0x00000000080067d4        0xc /home/skander/st/stm32cubeide_1.13.2/plugins/com.st.stm32cube.ide.mcu.externaltools.gnu-tools-for-stm32.11.3.rel1.linux64_1.1.1.202309131626/tools/bin/../lib/gcc/arm-none-eabi/11.3.1/../../../../arm-none-eabi/lib/thumb/v7e-m+fp/hard/libc_nano.a(libc_a-mlock.o)
                0x00000000080067d4                __malloc_unlock
 .text._realloc_r
                0x00000000080067e0       0x5e /home/skander/st/stm32cubeide_1.13.2/plugins/com.st.stm32cube.ide.mcu.externaltools.gnu-tools-for-stm32.11.3.rel1.linux64_1.1.1.202309131626/tools/bin/../lib/gcc/arm-none-eabi/11.3.1/../../../../arm-none-eabi/lib/thumb/v7e-m+fp/hard/libc_nano.a(libc_a-reallocr.o)
                0x00000000080067e0                _realloc_r
 .text.__cvt    0x000000000800683e       0xc4 /home/skander/st/stm32cubeide_1.13.2/plugins/com.st.stm32cube.ide.mcu.externaltools.gnu-tools-for-stm32.11.3.rel1.linux64_1.1.1.202309131626/tools/bin/../lib/gcc/arm-none-eabi/11.3.1/../../../../arm-none-eabi/lib/thumb/v7e-m+fp/hard/libc_nano.a(libc_a-nano-vfprintf_float.o)
                0x000000000800683e                __cvt
 .text.__exponent
                0x0000000008006902       0x7c /home/skander/st/stm32cubeide_1.13.2/plugins/com.st.stm32cube.ide.mcu.externaltools.gnu-tools-for-stm32.11.3.rel1.linux64_1.1.1.202309131626/tools/bin/../lib/gcc/arm-none-eabi/11.3.1/../../../../arm-none-eabi/lib/thumb/v7e-m+fp/hard/libc_nano.a(libc_a-nano-vfprintf_float.o)
                0x0000000008006902                __exponent
 *fill*         0x000000000800697e        0x2 
 .text._printf_float
                0x0000000008006980      0x46c /home/skander/st/stm32cubeide_1.13.2/plugins/com.st.stm32cube.ide.mcu.externaltools.gnu-tools-for-stm32.11.3.rel1.linux64_1.1.1.202309131626/tools/bin/../lib/gcc/arm-none-eabi/11.3.1/../../../../arm-none-eabi/lib/thumb/v7e-m+fp/hard/libc_nano.a(libc_a-nano-vfprintf_float.o)
                0x0000000008006980                _printf_float
 .text._printf_common
                0x0000000008006dec       0xda /home/skander/st/stm32cubeide_1.13.2/plugins/com.st.stm32cube.ide.mcu.externaltools.gnu-tools-for-stm32.11.3.rel1.linux64_1.1.1.202309131626/tools/bin/../lib/gcc/arm-none-eabi/11.3.1/../../../../arm-none-eabi/lib/thumb/v7e-m+fp/hard/libc_nano.a(libc_a-nano-vfprintf_i.o)
                0x0000000008006dec                _printf_common
 *fill*         0x0000000008006ec6        0x2 
 .text._printf_i
                0x0000000008006ec8      0x244 /home/skander/st/stm32cubeide_1.13.2/plugins/com.st.stm32cube.ide.mcu.externaltools.gnu-tools-for-stm32.11.3.rel1.linux64_1.1.1.202309131626/tools/bin/../lib/gcc/arm-none-eabi/11.3.1/../../../../arm-none-eabi/lib/thumb/v7e-m+fp/hard/libc_nano.a(libc_a-nano-vfprintf_i.o)
                0x0000000008006ec8                _printf_i
 .text.std      0x000000000800710c       0x6c /home/skander/st/stm32cubeide_1.13.2/plugins/com.st.stm32cube.ide.mcu.externaltools.gnu-tools-for-stm32.11.3.rel1.linux64_1.1.1.202309131626/tools/bin/../lib/gcc/arm-none-eabi/11.3.1/../../../../arm-none-eabi/lib/thumb/v7e-m+fp/hard/libc_nano.a(libc_a-findfp.o)
 .text.stdio_exit_handler
                0x0000000008007178       0x18 /home/skander/st/stm32cubeide_1.13.2/plugins/com.st.stm32cube.ide.mcu.externaltools.gnu-tools-for-stm32.11.3.rel1.linux64_1.1.1.202309131626/tools/bin/../lib/gcc/arm-none-eabi/11.3.1/../../../../arm-none-eabi/lib/thumb/v7e-m+fp/hard/libc_nano.a(libc_a-findfp.o)
 .text.cleanup_stdio
                0x0000000008007190       0x40 /home/skander/st/stm32cubeide_1.13.2/plugins/com.st.stm32cube.ide.mcu.externaltools.gnu-tools-for-stm32.11.3.rel1.linux64_1.1.1.202309131626/tools/bin/../lib/gcc/arm-none-eabi/11.3.1/../../../../arm-none-eabi/lib/thumb/v7e-m+fp/hard/libc_nano.a(libc_a-findfp.o)
 .text.global_stdio_init.part.0
                0x00000000080071d0       0x3c /home/skander/st/stm32cubeide_1.13.2/plugins/com.st.stm32cube.ide.mcu.externaltools.gnu-tools-for-stm32.11.3.rel1.linux64_1.1.1.202309131626/tools/bin/../lib/gcc/arm-none-eabi/11.3.1/../../../../arm-none-eabi/lib/thumb/v7e-m+fp/hard/libc_nano.a(libc_a-findfp.o)
 .text.__sfp_lock_acquire
                0x000000000800720c        0xc /home/skander/st/stm32cubeide_1.13.2/plugins/com.st.stm32cube.ide.mcu.externaltools.gnu-tools-for-stm32.11.3.rel1.linux64_1.1.1.202309131626/tools/bin/../lib/gcc/arm-none-eabi/11.3.1/../../../../arm-none-eabi/lib/thumb/v7e-m+fp/hard/libc_nano.a(libc_a-findfp.o)
                0x000000000800720c                __sfp_lock_acquire
 .text.__sfp_lock_release
                0x0000000008007218        0xc /home/skander/st/stm32cubeide_1.13.2/plugins/com.st.stm32cube.ide.mcu.externaltools.gnu-tools-for-stm32.11.3.rel1.linux64_1.1.1.202309131626/tools/bin/../lib/gcc/arm-none-eabi/11.3.1/../../../../arm-none-eabi/lib/thumb/v7e-m+fp/hard/libc_nano.a(libc_a-findfp.o)
                0x0000000008007218                __sfp_lock_release
 .text.__sinit  0x0000000008007224       0x30 /home/skander/st/stm32cubeide_1.13.2/plugins/com.st.stm32cube.ide.mcu.externaltools.gnu-tools-for-stm32.11.3.rel1.linux64_1.1.1.202309131626/tools/bin/../lib/gcc/arm-none-eabi/11.3.1/../../../../arm-none-eabi/lib/thumb/v7e-m+fp/hard/libc_nano.a(libc_a-findfp.o)
                0x0000000008007224                __sinit
 .text._fwalk_sglue
                0x0000000008007254       0x3c /home/skander/st/stm32cubeide_1.13.2/plugins/com.st.stm32cube.ide.mcu.externaltools.gnu-tools-for-stm32.11.3.rel1.linux64_1.1.1.202309131626/tools/bin/../lib/gcc/arm-none-eabi/11.3.1/../../../../arm-none-eabi/lib/thumb/v7e-m+fp/hard/libc_nano.a(libc_a-fwalk.o)
                0x0000000008007254                _fwalk_sglue
 .text.sprintf  0x0000000008007290       0x40 /home/skander/st/stm32cubeide_1.13.2/plugins/com.st.stm32cube.ide.mcu.externaltools.gnu-tools-for-stm32.11.3.rel1.linux64_1.1.1.202309131626/tools/bin/../lib/gcc/arm-none-eabi/11.3.1/../../../../arm-none-eabi/lib/thumb/v7e-m+fp/hard/libc_nano.a(libc_a-sprintf.o)
                0x0000000008007290                sprintf
                0x0000000008007290                siprintf
 .text.__sread  0x00000000080072d0       0x22 /home/skander/st/stm32cubeide_1.13.2/plugins/com.st.stm32cube.ide.mcu.externaltools.gnu-tools-for-stm32.11.3.rel1.linux64_1.1.1.202309131626/tools/bin/../lib/gcc/arm-none-eabi/11.3.1/../../../../arm-none-eabi/lib/thumb/v7e-m+fp/hard/libc_nano.a(libc_a-stdio.o)
                0x00000000080072d0                __sread
 .text.__swrite
                0x00000000080072f2       0x38 /home/skander/st/stm32cubeide_1.13.2/plugins/com.st.stm32cube.ide.mcu.externaltools.gnu-tools-for-stm32.11.3.rel1.linux64_1.1.1.202309131626/tools/bin/../lib/gcc/arm-none-eabi/11.3.1/../../../../arm-none-eabi/lib/thumb/v7e-m+fp/hard/libc_nano.a(libc_a-stdio.o)
                0x00000000080072f2                __swrite
 .text.__sseek  0x000000000800732a       0x24 /home/skander/st/stm32cubeide_1.13.2/plugins/com.st.stm32cube.ide.mcu.externaltools.gnu-tools-for-stm32.11.3.rel1.linux64_1.1.1.202309131626/tools/bin/../lib/gcc/arm-none-eabi/11.3.1/../../../../arm-none-eabi/lib/thumb/v7e-m+fp/hard/libc_nano.a(libc_a-stdio.o)
                0x000000000800732a                __sseek
 .text.__sclose
                0x000000000800734e        0x8 /home/skander/st/stm32cubeide_1.13.2/plugins/com.st.stm32cube.ide.mcu.externaltools.gnu-tools-for-stm32.11.3.rel1.linux64_1.1.1.202309131626/tools/bin/../lib/gcc/arm-none-eabi/11.3.1/../../../../arm-none-eabi/lib/thumb/v7e-m+fp/hard/libc_nano.a(libc_a-stdio.o)
                0x000000000800734e                __sclose
 .text.memset   0x0000000008007356       0x10 /home/skander/st/stm32cubeide_1.13.2/plugins/com.st.stm32cube.ide.mcu.externaltools.gnu-tools-for-stm32.11.3.rel1.linux64_1.1.1.202309131626/tools/bin/../lib/gcc/arm-none-eabi/11.3.1/../../../../arm-none-eabi/lib/thumb/v7e-m+fp/hard/libc_nano.a(libc_a-memset.o)
                0x0000000008007356                memset
 *fill*         0x0000000008007366        0x2 
 .text._localeconv_r
                0x0000000008007368        0x8 /home/skander/st/stm32cubeide_1.13.2/plugins/com.st.stm32cube.ide.mcu.externaltools.gnu-tools-for-stm32.11.3.rel1.linux64_1.1.1.202309131626/tools/bin/../lib/gcc/arm-none-eabi/11.3.1/../../../../arm-none-eabi/lib/thumb/v7e-m+fp/hard/libc_nano.a(libc_a-localeconv.o)
                0x0000000008007368                _localeconv_r
 .text._close_r
                0x0000000008007370       0x20 /home/skander/st/stm32cubeide_1.13.2/plugins/com.st.stm32cube.ide.mcu.externaltools.gnu-tools-for-stm32.11.3.rel1.linux64_1.1.1.202309131626/tools/bin/../lib/gcc/arm-none-eabi/11.3.1/../../../../arm-none-eabi/lib/thumb/v7e-m+fp/hard/libc_nano.a(libc_a-closer.o)
                0x0000000008007370                _close_r
 .text._lseek_r
                0x0000000008007390       0x24 /home/skander/st/stm32cubeide_1.13.2/plugins/com.st.stm32cube.ide.mcu.externaltools.gnu-tools-for-stm32.11.3.rel1.linux64_1.1.1.202309131626/tools/bin/../lib/gcc/arm-none-eabi/11.3.1/../../../../arm-none-eabi/lib/thumb/v7e-m+fp/hard/libc_nano.a(libc_a-lseekr.o)
                0x0000000008007390                _lseek_r
 .text._read_r  0x00000000080073b4       0x24 /home/skander/st/stm32cubeide_1.13.2/plugins/com.st.stm32cube.ide.mcu.externaltools.gnu-tools-for-stm32.11.3.rel1.linux64_1.1.1.202309131626/tools/bin/../lib/gcc/arm-none-eabi/11.3.1/../../../../arm-none-eabi/lib/thumb/v7e-m+fp/hard/libc_nano.a(libc_a-readr.o)
                0x00000000080073b4                _read_r
 .text._sbrk_r  0x00000000080073d8       0x20 /home/skander/st/stm32cubeide_1.13.2/plugins/com.st.stm32cube.ide.mcu.externaltools.gnu-tools-for-stm32.11.3.rel1.linux64_1.1.1.202309131626/tools/bin/../lib/gcc/arm-none-eabi/11.3.1/../../../../arm-none-eabi/lib/thumb/v7e-m+fp/hard/libc_nano.a(libc_a-sbrkr.o)
                0x00000000080073d8                _sbrk_r
 .text._write_r
                0x00000000080073f8       0x24 /home/skander/st/stm32cubeide_1.13.2/plugins/com.st.stm32cube.ide.mcu.externaltools.gnu-tools-for-stm32.11.3.rel1.linux64_1.1.1.202309131626/tools/bin/../lib/gcc/arm-none-eabi/11.3.1/../../../../arm-none-eabi/lib/thumb/v7e-m+fp/hard/libc_nano.a(libc_a-writer.o)
                0x00000000080073f8                _write_r
 .text.__errno  0x000000000800741c        0xc /home/skander/st/stm32cubeide_1.13.2/plugins/com.st.stm32cube.ide.mcu.externaltools.gnu-tools-for-stm32.11.3.rel1.linux64_1.1.1.202309131626/tools/bin/../lib/gcc/arm-none-eabi/11.3.1/../../../../arm-none-eabi/lib/thumb/v7e-m+fp/hard/libc_nano.a(libc_a-errno.o)
                0x000000000800741c                __errno
 .text.__libc_init_array
                0x0000000008007428       0x48 /home/skander/st/stm32cubeide_1.13.2/plugins/com.st.stm32cube.ide.mcu.externaltools.gnu-tools-for-stm32.11.3.rel1.linux64_1.1.1.202309131626/tools/bin/../lib/gcc/arm-none-eabi/11.3.1/../../../../arm-none-eabi/lib/thumb/v7e-m+fp/hard/libc_nano.a(libc_a-init.o)
                0x0000000008007428                __libc_init_array
 .text.__retarget_lock_init_recursive
                0x0000000008007470        0x2 /home/skander/st/stm32cubeide_1.13.2/plugins/com.st.stm32cube.ide.mcu.externaltools.gnu-tools-for-stm32.11.3.rel1.linux64_1.1.1.202309131626/tools/bin/../lib/gcc/arm-none-eabi/11.3.1/../../../../arm-none-eabi/lib/thumb/v7e-m+fp/hard/libc_nano.a(libc_a-lock.o)
                0x0000000008007470                __retarget_lock_init_recursive
 .text.__retarget_lock_acquire_recursive
                0x0000000008007472        0x2 /home/skander/st/stm32cubeide_1.13.2/plugins/com.st.stm32cube.ide.mcu.externaltools.gnu-tools-for-stm32.11.3.rel1.linux64_1.1.1.202309131626/tools/bin/../lib/gcc/arm-none-eabi/11.3.1/../../../../arm-none-eabi/lib/thumb/v7e-m+fp/hard/libc_nano.a(libc_a-lock.o)
                0x0000000008007472                __retarget_lock_acquire_recursive
 .text.__retarget_lock_release_recursive
                0x0000000008007474        0x2 /home/skander/st/stm32cubeide_1.13.2/plugins/com.st.stm32cube.ide.mcu.externaltools.gnu-tools-for-stm32.11.3.rel1.linux64_1.1.1.202309131626/tools/bin/../lib/gcc/arm-none-eabi/11.3.1/../../../../arm-none-eabi/lib/thumb/v7e-m+fp/hard/libc_nano.a(libc_a-lock.o)
                0x0000000008007474                __retarget_lock_release_recursive
 .text.memcpy   0x0000000008007476       0x1c /home/skander/st/stm32cubeide_1.13.2/plugins/com.st.stm32cube.ide.mcu.externaltools.gnu-tools-for-stm32.11.3.rel1.linux64_1.1.1.202309131626/tools/bin/../lib/gcc/arm-none-eabi/11.3.1/../../../../arm-none-eabi/lib/thumb/v7e-m+fp/hard/libc_nano.a(libc_a-memcpy-stub.o)
                0x0000000008007476                memcpy
 .text.quorem   0x0000000008007492      0x110 /home/skander/st/stm32cubeide_1.13.2/plugins/com.st.stm32cube.ide.mcu.externaltools.gnu-tools-for-stm32.11.3.rel1.linux64_1.1.1.202309131626/tools/bin/../lib/gcc/arm-none-eabi/11.3.1/../../../../arm-none-eabi/lib/thumb/v7e-m+fp/hard/libc_nano.a(libc_a-dtoa.o)
 *fill*         0x00000000080075a2        0x6 
 .text._dtoa_r  0x00000000080075a8      0xbe4 /home/skander/st/stm32cubeide_1.13.2/plugins/com.st.stm32cube.ide.mcu.externaltools.gnu-tools-for-stm32.11.3.rel1.linux64_1.1.1.202309131626/tools/bin/../lib/gcc/arm-none-eabi/11.3.1/../../../../arm-none-eabi/lib/thumb/v7e-m+fp/hard/libc_nano.a(libc_a-dtoa.o)
                0x00000000080075a8                _dtoa_r
 .text._free_r  0x000000000800818c       0x98 /home/skander/st/stm32cubeide_1.13.2/plugins/com.st.stm32cube.ide.mcu.externaltools.gnu-tools-for-stm32.11.3.rel1.linux64_1.1.1.202309131626/tools/bin/../lib/gcc/arm-none-eabi/11.3.1/../../../../arm-none-eabi/lib/thumb/v7e-m+fp/hard/libc_nano.a(libc_a-freer.o)
                0x000000000800818c                _free_r
 .text._Balloc  0x0000000008008224       0x80 /home/skander/st/stm32cubeide_1.13.2/plugins/com.st.stm32cube.ide.mcu.externaltools.gnu-tools-for-stm32.11.3.rel1.linux64_1.1.1.202309131626/tools/bin/../lib/gcc/arm-none-eabi/11.3.1/../../../../arm-none-eabi/lib/thumb/v7e-m+fp/hard/libc_nano.a(libc_a-mprec.o)
                0x0000000008008224                _Balloc
 .text._Bfree   0x00000000080082a4       0x44 /home/skander/st/stm32cubeide_1.13.2/plugins/com.st.stm32cube.ide.mcu.externaltools.gnu-tools-for-stm32.11.3.rel1.linux64_1.1.1.202309131626/tools/bin/../lib/gcc/arm-none-eabi/11.3.1/../../../../arm-none-eabi/lib/thumb/v7e-m+fp/hard/libc_nano.a(libc_a-mprec.o)
                0x00000000080082a4                _Bfree
 .text.__multadd
                0x00000000080082e8       0x8c /home/skander/st/stm32cubeide_1.13.2/plugins/com.st.stm32cube.ide.mcu.externaltools.gnu-tools-for-stm32.11.3.rel1.linux64_1.1.1.202309131626/tools/bin/../lib/gcc/arm-none-eabi/11.3.1/../../../../arm-none-eabi/lib/thumb/v7e-m+fp/hard/libc_nano.a(libc_a-mprec.o)
                0x00000000080082e8                __multadd
 .text.__hi0bits
                0x0000000008008374       0x40 /home/skander/st/stm32cubeide_1.13.2/plugins/com.st.stm32cube.ide.mcu.externaltools.gnu-tools-for-stm32.11.3.rel1.linux64_1.1.1.202309131626/tools/bin/../lib/gcc/arm-none-eabi/11.3.1/../../../../arm-none-eabi/lib/thumb/v7e-m+fp/hard/libc_nano.a(libc_a-mprec.o)
                0x0000000008008374                __hi0bits
 .text.__lo0bits
                0x00000000080083b4       0x5a /home/skander/st/stm32cubeide_1.13.2/plugins/com.st.stm32cube.ide.mcu.externaltools.gnu-tools-for-stm32.11.3.rel1.linux64_1.1.1.202309131626/tools/bin/../lib/gcc/arm-none-eabi/11.3.1/../../../../arm-none-eabi/lib/thumb/v7e-m+fp/hard/libc_nano.a(libc_a-mprec.o)
                0x00000000080083b4                __lo0bits
 *fill*         0x000000000800840e        0x2 
 .text.__i2b    0x0000000008008410       0x2c /home/skander/st/stm32cubeide_1.13.2/plugins/com.st.stm32cube.ide.mcu.externaltools.gnu-tools-for-stm32.11.3.rel1.linux64_1.1.1.202309131626/tools/bin/../lib/gcc/arm-none-eabi/11.3.1/../../../../arm-none-eabi/lib/thumb/v7e-m+fp/hard/libc_nano.a(libc_a-mprec.o)
                0x0000000008008410                __i2b
 .text.__multiply
                0x000000000800843c      0x154 /home/skander/st/stm32cubeide_1.13.2/plugins/com.st.stm32cube.ide.mcu.externaltools.gnu-tools-for-stm32.11.3.rel1.linux64_1.1.1.202309131626/tools/bin/../lib/gcc/arm-none-eabi/11.3.1/../../../../arm-none-eabi/lib/thumb/v7e-m+fp/hard/libc_nano.a(libc_a-mprec.o)
                0x000000000800843c                __multiply
 .text.__pow5mult
                0x0000000008008590       0xb4 /home/skander/st/stm32cubeide_1.13.2/plugins/com.st.stm32cube.ide.mcu.externaltools.gnu-tools-for-stm32.11.3.rel1.linux64_1.1.1.202309131626/tools/bin/../lib/gcc/arm-none-eabi/11.3.1/../../../../arm-none-eabi/lib/thumb/v7e-m+fp/hard/libc_nano.a(libc_a-mprec.o)
                0x0000000008008590                __pow5mult
 .text.__lshift
                0x0000000008008644       0xd8 /home/skander/st/stm32cubeide_1.13.2/plugins/com.st.stm32cube.ide.mcu.externaltools.gnu-tools-for-stm32.11.3.rel1.linux64_1.1.1.202309131626/tools/bin/../lib/gcc/arm-none-eabi/11.3.1/../../../../arm-none-eabi/lib/thumb/v7e-m+fp/hard/libc_nano.a(libc_a-mprec.o)
                0x0000000008008644                __lshift
 .text.__mcmp   0x000000000800871c       0x38 /home/skander/st/stm32cubeide_1.13.2/plugins/com.st.stm32cube.ide.mcu.externaltools.gnu-tools-for-stm32.11.3.rel1.linux64_1.1.1.202309131626/tools/bin/../lib/gcc/arm-none-eabi/11.3.1/../../../../arm-none-eabi/lib/thumb/v7e-m+fp/hard/libc_nano.a(libc_a-mprec.o)
                0x000000000800871c                __mcmp
 .text.__mdiff  0x0000000008008754      0x114 /home/skander/st/stm32cubeide_1.13.2/plugins/com.st.stm32cube.ide.mcu.externaltools.gnu-tools-for-stm32.11.3.rel1.linux64_1.1.1.202309131626/tools/bin/../lib/gcc/arm-none-eabi/11.3.1/../../../../arm-none-eabi/lib/thumb/v7e-m+fp/hard/libc_nano.a(libc_a-mprec.o)
                0x0000000008008754                __mdiff
 .text.__d2b    0x0000000008008868       0xb4 /home/skander/st/stm32cubeide_1.13.2/plugins/com.st.stm32cube.ide.mcu.externaltools.gnu-tools-for-stm32.11.3.rel1.linux64_1.1.1.202309131626/tools/bin/../lib/gcc/arm-none-eabi/11.3.1/../../../../arm-none-eabi/lib/thumb/v7e-m+fp/hard/libc_nano.a(libc_a-mprec.o)
                0x0000000008008868                __d2b
 .text._malloc_usable_size_r
                0x000000000800891c       0x10 /home/skander/st/stm32cubeide_1.13.2/plugins/com.st.stm32cube.ide.mcu.externaltools.gnu-tools-for-stm32.11.3.rel1.linux64_1.1.1.202309131626/tools/bin/../lib/gcc/arm-none-eabi/11.3.1/../../../../arm-none-eabi/lib/thumb/v7e-m+fp/hard/libc_nano.a(libc_a-msizer.o)
                0x000000000800891c                _malloc_usable_size_r
 .text.__ssputs_r
                0x000000000800892c       0xb4 /home/skander/st/stm32cubeide_1.13.2/plugins/com.st.stm32cube.ide.mcu.externaltools.gnu-tools-for-stm32.11.3.rel1.linux64_1.1.1.202309131626/tools/bin/../lib/gcc/arm-none-eabi/11.3.1/../../../../arm-none-eabi/lib/thumb/v7e-m+fp/hard/libc_nano.a(libc_a-nano-svfprintf.o)
                0x000000000800892c                __ssputs_r
 .text._svfprintf_r
                0x00000000080089e0      0x1fc /home/skander/st/stm32cubeide_1.13.2/plugins/com.st.stm32cube.ide.mcu.externaltools.gnu-tools-for-stm32.11.3.rel1.linux64_1.1.1.202309131626/tools/bin/../lib/gcc/arm-none-eabi/11.3.1/../../../../arm-none-eabi/lib/thumb/v7e-m+fp/hard/libc_nano.a(libc_a-nano-svfprintf.o)
                0x00000000080089e0                _svfprintf_r
                0x00000000080089e0                _svfiprintf_r
 .text.__sflush_r
                0x0000000008008bdc      0x10c /home/skander/st/stm32cubeide_1.13.2/plugins/com.st.stm32cube.ide.mcu.externaltools.gnu-tools-for-stm32.11.3.rel1.linux64_1.1.1.202309131626/tools/bin/../lib/gcc/arm-none-eabi/11.3.1/../../../../arm-none-eabi/lib/thumb/v7e-m+fp/hard/libc_nano.a(libc_a-fflush.o)
                0x0000000008008bdc                __sflush_r
 .text._fflush_r
                0x0000000008008ce8       0x50 /home/skander/st/stm32cubeide_1.13.2/plugins/com.st.stm32cube.ide.mcu.externaltools.gnu-tools-for-stm32.11.3.rel1.linux64_1.1.1.202309131626/tools/bin/../lib/gcc/arm-none-eabi/11.3.1/../../../../arm-none-eabi/lib/thumb/v7e-m+fp/hard/libc_nano.a(libc_a-fflush.o)
                0x0000000008008ce8                _fflush_r
 .text.memmove  0x0000000008008d38       0x34 /home/skander/st/stm32cubeide_1.13.2/plugins/com.st.stm32cube.ide.mcu.externaltools.gnu-tools-for-stm32.11.3.rel1.linux64_1.1.1.202309131626/tools/bin/../lib/gcc/arm-none-eabi/11.3.1/../../../../arm-none-eabi/lib/thumb/v7e-m+fp/hard/libc_nano.a(libc_a-memmove.o)
                0x0000000008008d38                memmove
 .text.__assert_func
                0x0000000008008d6c       0x3c /home/skander/st/stm32cubeide_1.13.2/plugins/com.st.stm32cube.ide.mcu.externaltools.gnu-tools-for-stm32.11.3.rel1.linux64_1.1.1.202309131626/tools/bin/../lib/gcc/arm-none-eabi/11.3.1/../../../../arm-none-eabi/lib/thumb/v7e-m+fp/hard/libc_nano.a(libc_a-assert.o)
                0x0000000008008d6c                __assert_func
 .text._calloc_r
                0x0000000008008da8       0x2c /home/skander/st/stm32cubeide_1.13.2/plugins/com.st.stm32cube.ide.mcu.externaltools.gnu-tools-for-stm32.11.3.rel1.linux64_1.1.1.202309131626/tools/bin/../lib/gcc/arm-none-eabi/11.3.1/../../../../arm-none-eabi/lib/thumb/v7e-m+fp/hard/libc_nano.a(libc_a-callocr.o)
                0x0000000008008da8                _calloc_r
 .text.__ascii_mbtowc
                0x0000000008008dd4       0x24 /home/skander/st/stm32cubeide_1.13.2/plugins/com.st.stm32cube.ide.mcu.externaltools.gnu-tools-for-stm32.11.3.rel1.linux64_1.1.1.202309131626/tools/bin/../lib/gcc/arm-none-eabi/11.3.1/../../../../arm-none-eabi/lib/thumb/v7e-m+fp/hard/libc_nano.a(libc_a-mbtowc_r.o)
                0x0000000008008dd4                __ascii_mbtowc
 .text.__ascii_wctomb
                0x0000000008008df8       0x1a /home/skander/st/stm32cubeide_1.13.2/plugins/com.st.stm32cube.ide.mcu.externaltools.gnu-tools-for-stm32.11.3.rel1.linux64_1.1.1.202309131626/tools/bin/../lib/gcc/arm-none-eabi/11.3.1/../../../../arm-none-eabi/lib/thumb/v7e-m+fp/hard/libc_nano.a(libc_a-wctomb_r.o)
                0x0000000008008df8                __ascii_wctomb
 *fill*         0x0000000008008e12        0x2 
 .text.fprintf  0x0000000008008e14       0x24 /home/skander/st/stm32cubeide_1.13.2/plugins/com.st.stm32cube.ide.mcu.externaltools.gnu-tools-for-stm32.11.3.rel1.linux64_1.1.1.202309131626/tools/bin/../lib/gcc/arm-none-eabi/11.3.1/../../../../arm-none-eabi/lib/thumb/v7e-m+fp/hard/libc_nano.a(libc_a-fprintf.o)
                0x0000000008008e14                fprintf
                0x0000000008008e14                fiprintf
 .text.abort    0x0000000008008e38        0xe /home/skander/st/stm32cubeide_1.13.2/plugins/com.st.stm32cube.ide.mcu.externaltools.gnu-tools-for-stm32.11.3.rel1.linux64_1.1.1.202309131626/tools/bin/../lib/gcc/arm-none-eabi/11.3.1/../../../../arm-none-eabi/lib/thumb/v7e-m+fp/hard/libc_nano.a(libc_a-abort.o)
                0x0000000008008e38                abort
 .text.__sfputc_r
                0x0000000008008e46       0x2e /home/skander/st/stm32cubeide_1.13.2/plugins/com.st.stm32cube.ide.mcu.externaltools.gnu-tools-for-stm32.11.3.rel1.linux64_1.1.1.202309131626/tools/bin/../lib/gcc/arm-none-eabi/11.3.1/../../../../arm-none-eabi/lib/thumb/v7e-m+fp/hard/libc_nano.a(libc_a-nano-vfprintf.o)
 .text.__sfputs_r
                0x0000000008008e74       0x24 /home/skander/st/stm32cubeide_1.13.2/plugins/com.st.stm32cube.ide.mcu.externaltools.gnu-tools-for-stm32.11.3.rel1.linux64_1.1.1.202309131626/tools/bin/../lib/gcc/arm-none-eabi/11.3.1/../../../../arm-none-eabi/lib/thumb/v7e-m+fp/hard/libc_nano.a(libc_a-nano-vfprintf.o)
                0x0000000008008e74                __sfputs_r
 .text._vfprintf_r
                0x0000000008008e98      0x234 /home/skander/st/stm32cubeide_1.13.2/plugins/com.st.stm32cube.ide.mcu.externaltools.gnu-tools-for-stm32.11.3.rel1.linux64_1.1.1.202309131626/tools/bin/../lib/gcc/arm-none-eabi/11.3.1/../../../../arm-none-eabi/lib/thumb/v7e-m+fp/hard/libc_nano.a(libc_a-nano-vfprintf.o)
                0x0000000008008e98                _vfiprintf_r
                0x0000000008008e98                _vfprintf_r
 .text.__swbuf_r
                0x00000000080090cc       0x7a /home/skander/st/stm32cubeide_1.13.2/plugins/com.st.stm32cube.ide.mcu.externaltools.gnu-tools-for-stm32.11.3.rel1.linux64_1.1.1.202309131626/tools/bin/../lib/gcc/arm-none-eabi/11.3.1/../../../../arm-none-eabi/lib/thumb/v7e-m+fp/hard/libc_nano.a(libc_a-wbuf.o)
                0x00000000080090cc                __swbuf_r
 *fill*         0x0000000008009146        0x2 
 .text.__swsetup_r
                0x0000000008009148       0xb0 /home/skander/st/stm32cubeide_1.13.2/plugins/com.st.stm32cube.ide.mcu.externaltools.gnu-tools-for-stm32.11.3.rel1.linux64_1.1.1.202309131626/tools/bin/../lib/gcc/arm-none-eabi/11.3.1/../../../../arm-none-eabi/lib/thumb/v7e-m+fp/hard/libc_nano.a(libc_a-wsetup.o)
                0x0000000008009148                __swsetup_r
 .text._raise_r
                0x00000000080091f8       0x50 /home/skander/st/stm32cubeide_1.13.2/plugins/com.st.stm32cube.ide.mcu.externaltools.gnu-tools-for-stm32.11.3.rel1.linux64_1.1.1.202309131626/tools/bin/../lib/gcc/arm-none-eabi/11.3.1/../../../../arm-none-eabi/lib/thumb/v7e-m+fp/hard/libc_nano.a(libc_a-signal.o)
                0x00000000080091f8                _raise_r
 .text.raise    0x0000000008009248       0x10 /home/skander/st/stm32cubeide_1.13.2/plugins/com.st.stm32cube.ide.mcu.externaltools.gnu-tools-for-stm32.11.3.rel1.linux64_1.1.1.202309131626/tools/bin/../lib/gcc/arm-none-eabi/11.3.1/../../../../arm-none-eabi/lib/thumb/v7e-m+fp/hard/libc_nano.a(libc_a-signal.o)
                0x0000000008009248                raise
 .text._kill_r  0x0000000008009258       0x24 /home/skander/st/stm32cubeide_1.13.2/plugins/com.st.stm32cube.ide.mcu.externaltools.gnu-tools-for-stm32.11.3.rel1.linux64_1.1.1.202309131626/tools/bin/../lib/gcc/arm-none-eabi/11.3.1/../../../../arm-none-eabi/lib/thumb/v7e-m+fp/hard/libc_nano.a(libc_a-signalr.o)
                0x0000000008009258                _kill_r
 .text._getpid_r
                0x000000000800927c        0x4 /home/skander/st/stm32cubeide_1.13.2/plugins/com.st.stm32cube.ide.mcu.externaltools.gnu-tools-for-stm32.11.3.rel1.linux64_1.1.1.202309131626/tools/bin/../lib/gcc/arm-none-eabi/11.3.1/../../../../arm-none-eabi/lib/thumb/v7e-m+fp/hard/libc_nano.a(libc_a-signalr.o)
                0x000000000800927c                _getpid_r
 .text.__swhatbuf_r
                0x0000000008009280       0x4c /home/skander/st/stm32cubeide_1.13.2/plugins/com.st.stm32cube.ide.mcu.externaltools.gnu-tools-for-stm32.11.3.rel1.linux64_1.1.1.202309131626/tools/bin/../lib/gcc/arm-none-eabi/11.3.1/../../../../arm-none-eabi/lib/thumb/v7e-m+fp/hard/libc_nano.a(libc_a-makebuf.o)
                0x0000000008009280                __swhatbuf_r
 .text.__smakebuf_r
                0x00000000080092cc       0x78 /home/skander/st/stm32cubeide_1.13.2/plugins/com.st.stm32cube.ide.mcu.externaltools.gnu-tools-for-stm32.11.3.rel1.linux64_1.1.1.202309131626/tools/bin/../lib/gcc/arm-none-eabi/11.3.1/../../../../arm-none-eabi/lib/thumb/v7e-m+fp/hard/libc_nano.a(libc_a-makebuf.o)
                0x00000000080092cc                __smakebuf_r
 .text._fstat_r
                0x0000000008009344       0x24 /home/skander/st/stm32cubeide_1.13.2/plugins/com.st.stm32cube.ide.mcu.externaltools.gnu-tools-for-stm32.11.3.rel1.linux64_1.1.1.202309131626/tools/bin/../lib/gcc/arm-none-eabi/11.3.1/../../../../arm-none-eabi/lib/thumb/v7e-m+fp/hard/libc_nano.a(libc_a-fstatr.o)
                0x0000000008009344                _fstat_r
 .text._isatty_r
                0x0000000008009368       0x20 /home/skander/st/stm32cubeide_1.13.2/plugins/com.st.stm32cube.ide.mcu.externaltools.gnu-tools-for-stm32.11.3.rel1.linux64_1.1.1.202309131626/tools/bin/../lib/gcc/arm-none-eabi/11.3.1/../../../../arm-none-eabi/lib/thumb/v7e-m+fp/hard/libc_nano.a(libc_a-isattyr.o)
                0x0000000008009368                _isatty_r
 .text.expf     0x0000000008009388       0x6c /home/skander/st/stm32cubeide_1.13.2/plugins/com.st.stm32cube.ide.mcu.externaltools.gnu-tools-for-stm32.11.3.rel1.linux64_1.1.1.202309131626/tools/bin/../lib/gcc/arm-none-eabi/11.3.1/../../../../arm-none-eabi/lib/thumb/v7e-m+fp/hard/libm.a(libm_a-wf_exp.o)
                0x0000000008009388                expf
 .text.finitef  0x00000000080093f4       0x1a /home/skander/st/stm32cubeide_1.13.2/plugins/com.st.stm32cube.ide.mcu.externaltools.gnu-tools-for-stm32.11.3.rel1.linux64_1.1.1.202309131626/tools/bin/../lib/gcc/arm-none-eabi/11.3.1/../../../../arm-none-eabi/lib/thumb/v7e-m+fp/hard/libm.a(libm_a-sf_finite.o)
                0x00000000080093f4                finitef
 .text.with_errnof
                0x000000000800940e       0x16 /home/skander/st/stm32cubeide_1.13.2/plugins/com.st.stm32cube.ide.mcu.externaltools.gnu-tools-for-stm32.11.3.rel1.linux64_1.1.1.202309131626/tools/bin/../lib/gcc/arm-none-eabi/11.3.1/../../../../arm-none-eabi/lib/thumb/v7e-m+fp/hard/libm.a(libm_a-math_errf.o)
 .text.xflowf   0x0000000008009424       0x16 /home/skander/st/stm32cubeide_1.13.2/plugins/com.st.stm32cube.ide.mcu.externaltools.gnu-tools-for-stm32.11.3.rel1.linux64_1.1.1.202309131626/tools/bin/../lib/gcc/arm-none-eabi/11.3.1/../../../../arm-none-eabi/lib/thumb/v7e-m+fp/hard/libm.a(libm_a-math_errf.o)
 *fill*         0x000000000800943a        0x2 
 .text.__math_uflowf
                0x000000000800943c        0xc /home/skander/st/stm32cubeide_1.13.2/plugins/com.st.stm32cube.ide.mcu.externaltools.gnu-tools-for-stm32.11.3.rel1.linux64_1.1.1.202309131626/tools/bin/../lib/gcc/arm-none-eabi/11.3.1/../../../../arm-none-eabi/lib/thumb/v7e-m+fp/hard/libm.a(libm_a-math_errf.o)
                0x000000000800943c                __math_uflowf
 .text.__math_oflowf
                0x0000000008009448        0xc /home/skander/st/stm32cubeide_1.13.2/plugins/com.st.stm32cube.ide.mcu.externaltools.gnu-tools-for-stm32.11.3.rel1.linux64_1.1.1.202309131626/tools/bin/../lib/gcc/arm-none-eabi/11.3.1/../../../../arm-none-eabi/lib/thumb/v7e-m+fp/hard/libm.a(libm_a-math_errf.o)
                0x0000000008009448                __math_oflowf
 .text.__ieee754_expf
                0x0000000008009454      0x19c /home/skander/st/stm32cubeide_1.13.2/plugins/com.st.stm32cube.ide.mcu.externaltools.gnu-tools-for-stm32.11.3.rel1.linux64_1.1.1.202309131626/tools/bin/../lib/gcc/arm-none-eabi/11.3.1/../../../../arm-none-eabi/lib/thumb/v7e-m+fp/hard/libm.a(libm_a-ef_exp.o)
                0x0000000008009454                __ieee754_expf
 *(.glue_7)
 .glue_7        0x00000000080095f0        0x0 linker stubs
 *(.glue_7t)
 .glue_7t       0x00000000080095f0        0x0 linker stubs
 *(.eh_frame)
 .eh_frame      0x00000000080095f0        0x0 /home/skander/st/stm32cubeide_1.13.2/plugins/com.st.stm32cube.ide.mcu.externaltools.gnu-tools-for-stm32.11.3.rel1.linux64_1.1.1.202309131626/tools/bin/../lib/gcc/arm-none-eabi/11.3.1/thumb/v7e-m+fp/hard/crtbegin.o
 *(.init)
 .init          0x00000000080095f0        0x4 /home/skander/st/stm32cubeide_1.13.2/plugins/com.st.stm32cube.ide.mcu.externaltools.gnu-tools-for-stm32.11.3.rel1.linux64_1.1.1.202309131626/tools/bin/../lib/gcc/arm-none-eabi/11.3.1/thumb/v7e-m+fp/hard/crti.o
                0x00000000080095f0                _init
 .init          0x00000000080095f4        0x8 /home/skander/st/stm32cubeide_1.13.2/plugins/com.st.stm32cube.ide.mcu.externaltools.gnu-tools-for-stm32.11.3.rel1.linux64_1.1.1.202309131626/tools/bin/../lib/gcc/arm-none-eabi/11.3.1/thumb/v7e-m+fp/hard/crtn.o
 *(.fini)
 .fini          0x00000000080095fc        0x4 /home/skander/st/stm32cubeide_1.13.2/plugins/com.st.stm32cube.ide.mcu.externaltools.gnu-tools-for-stm32.11.3.rel1.linux64_1.1.1.202309131626/tools/bin/../lib/gcc/arm-none-eabi/11.3.1/thumb/v7e-m+fp/hard/crti.o
                0x00000000080095fc                _fini
 .fini          0x0000000008009600        0x8 /home/skander/st/stm32cubeide_1.13.2/plugins/com.st.stm32cube.ide.mcu.externaltools.gnu-tools-for-stm32.11.3.rel1.linux64_1.1.1.202309131626/tools/bin/../lib/gcc/arm-none-eabi/11.3.1/thumb/v7e-m+fp/hard/crtn.o
                0x0000000008009608                . = ALIGN (0x4)
                0x0000000008009608                _etext = .

.vfp11_veneer   0x0000000008009608        0x0
 .vfp11_veneer  0x0000000008009608        0x0 linker stubs

.v4_bx          0x0000000008009608        0x0
 .v4_bx         0x0000000008009608        0x0 linker stubs

.iplt           0x0000000008009608        0x0
 .iplt          0x0000000008009608        0x0 /home/skander/st/stm32cubeide_1.13.2/plugins/com.st.stm32cube.ide.mcu.externaltools.gnu-tools-for-stm32.11.3.rel1.linux64_1.1.1.202309131626/tools/bin/../lib/gcc/arm-none-eabi/11.3.1/thumb/v7e-m+fp/hard/crtbegin.o

.rodata         0x0000000008009620     0x9304
                0x0000000008009620                . = ALIGN (0x4)
 *(.rodata)
 .rodata        0x0000000008009620       0xd0 ./Core/Src/main.o
 .rodata        0x00000000080096f0       0x30 ./X-CUBE-AI/App/model_data.o
 *(.rodata*)
 .rodata.AHBPrescTable
                0x0000000008009720       0x10 ./Core/Src/system_stm32f4xx.o
                0x0000000008009720                AHBPrescTable
 .rodata.APBPrescTable
                0x0000000008009730        0x8 ./Core/Src/system_stm32f4xx.o
                0x0000000008009730                APBPrescTable
 .rodata.nl_3_chain
                0x0000000008009738        0x8 ./X-CUBE-AI/App/model.o
 .rodata.gemm_2_chain
                0x0000000008009740        0x8 ./X-CUBE-AI/App/model.o
 .rodata.nl_1_nl_chain
                0x0000000008009748        0x8 ./X-CUBE-AI/App/model.o
 .rodata.gemm_1_chain
                0x0000000008009750        0x8 ./X-CUBE-AI/App/model.o
 .rodata.nl_0_nl_chain
                0x0000000008009758        0x8 ./X-CUBE-AI/App/model.o
 .rodata.gemm_0_chain
                0x0000000008009760        0x8 ./X-CUBE-AI/App/model.o
 *fill*         0x0000000008009768       0x18 
 .rodata.s_model_weights_array_u64
                0x0000000008009780     0x8e18 ./X-CUBE-AI/App/model_data_params.o
                0x0000000008009780                s_model_weights_array_u64
 .rodata._printf_float.str1.1
                0x0000000008012598       0x12 /home/skander/st/stm32cubeide_1.13.2/plugins/com.st.stm32cube.ide.mcu.externaltools.gnu-tools-for-stm32.11.3.rel1.linux64_1.1.1.202309131626/tools/bin/../lib/gcc/arm-none-eabi/11.3.1/../../../../arm-none-eabi/lib/thumb/v7e-m+fp/hard/libc_nano.a(libc_a-nano-vfprintf_float.o)
 .rodata._printf_i.str1.1
                0x00000000080125aa       0x22 /home/skander/st/stm32cubeide_1.13.2/plugins/com.st.stm32cube.ide.mcu.externaltools.gnu-tools-for-stm32.11.3.rel1.linux64_1.1.1.202309131626/tools/bin/../lib/gcc/arm-none-eabi/11.3.1/../../../../arm-none-eabi/lib/thumb/v7e-m+fp/hard/libc_nano.a(libc_a-nano-vfprintf_i.o)
 .rodata._dtoa_r.str1.1
                0x00000000080125cc       0x8d /home/skander/st/stm32cubeide_1.13.2/plugins/com.st.stm32cube.ide.mcu.externaltools.gnu-tools-for-stm32.11.3.rel1.linux64_1.1.1.202309131626/tools/bin/../lib/gcc/arm-none-eabi/11.3.1/../../../../arm-none-eabi/lib/thumb/v7e-m+fp/hard/libc_nano.a(libc_a-dtoa.o)
                                         0x8f (size before relaxing)
 .rodata._Balloc.str1.1
                0x0000000008012659       0x59 /home/skander/st/stm32cubeide_1.13.2/plugins/com.st.stm32cube.ide.mcu.externaltools.gnu-tools-for-stm32.11.3.rel1.linux64_1.1.1.202309131626/tools/bin/../lib/gcc/arm-none-eabi/11.3.1/../../../../arm-none-eabi/lib/thumb/v7e-m+fp/hard/libc_nano.a(libc_a-mprec.o)
                                         0x70 (size before relaxing)
 .rodata.__multadd.str1.1
                0x00000000080126b2       0x11 /home/skander/st/stm32cubeide_1.13.2/plugins/com.st.stm32cube.ide.mcu.externaltools.gnu-tools-for-stm32.11.3.rel1.linux64_1.1.1.202309131626/tools/bin/../lib/gcc/arm-none-eabi/11.3.1/../../../../arm-none-eabi/lib/thumb/v7e-m+fp/hard/libc_nano.a(libc_a-mprec.o)
 *fill*         0x00000000080126b2        0x6 
 .rodata.__mprec_bigtens
                0x00000000080126b8       0x28 /home/skander/st/stm32cubeide_1.13.2/plugins/com.st.stm32cube.ide.mcu.externaltools.gnu-tools-for-stm32.11.3.rel1.linux64_1.1.1.202309131626/tools/bin/../lib/gcc/arm-none-eabi/11.3.1/../../../../arm-none-eabi/lib/thumb/v7e-m+fp/hard/libc_nano.a(libc_a-mprec.o)
                0x00000000080126b8                __mprec_bigtens
 .rodata.__mprec_tens
                0x00000000080126e0       0xc8 /home/skander/st/stm32cubeide_1.13.2/plugins/com.st.stm32cube.ide.mcu.externaltools.gnu-tools-for-stm32.11.3.rel1.linux64_1.1.1.202309131626/tools/bin/../lib/gcc/arm-none-eabi/11.3.1/../../../../arm-none-eabi/lib/thumb/v7e-m+fp/hard/libc_nano.a(libc_a-mprec.o)
                0x00000000080126e0                __mprec_tens
 .rodata.p05.0  0x00000000080127a8        0xc /home/skander/st/stm32cubeide_1.13.2/plugins/com.st.stm32cube.ide.mcu.externaltools.gnu-tools-for-stm32.11.3.rel1.linux64_1.1.1.202309131626/tools/bin/../lib/gcc/arm-none-eabi/11.3.1/../../../../arm-none-eabi/lib/thumb/v7e-m+fp/hard/libc_nano.a(libc_a-mprec.o)
 .rodata._svfprintf_r.str1.1
                0x00000000080127b4       0x11 /home/skander/st/stm32cubeide_1.13.2/plugins/com.st.stm32cube.ide.mcu.externaltools.gnu-tools-for-stm32.11.3.rel1.linux64_1.1.1.202309131626/tools/bin/../lib/gcc/arm-none-eabi/11.3.1/../../../../arm-none-eabi/lib/thumb/v7e-m+fp/hard/libc_nano.a(libc_a-nano-svfprintf.o)
 .rodata._setlocale_r.str1.1
                0x00000000080127c5        0x8 /home/skander/st/stm32cubeide_1.13.2/plugins/com.st.stm32cube.ide.mcu.externaltools.gnu-tools-for-stm32.11.3.rel1.linux64_1.1.1.202309131626/tools/bin/../lib/gcc/arm-none-eabi/11.3.1/../../../../arm-none-eabi/lib/thumb/v7e-m+fp/hard/libc_nano.a(libc_a-locale.o)
                                          0x9 (size before relaxing)
 .rodata.str1.1
                0x00000000080127cd        0x2 /home/skander/st/stm32cubeide_1.13.2/plugins/com.st.stm32cube.ide.mcu.externaltools.gnu-tools-for-stm32.11.3.rel1.linux64_1.1.1.202309131626/tools/bin/../lib/gcc/arm-none-eabi/11.3.1/../../../../arm-none-eabi/lib/thumb/v7e-m+fp/hard/libc_nano.a(libc_a-locale.o)
 .rodata.__assert_func.str1.1
                0x00000000080127cf       0x3c /home/skander/st/stm32cubeide_1.13.2/plugins/com.st.stm32cube.ide.mcu.externaltools.gnu-tools-for-stm32.11.3.rel1.linux64_1.1.1.202309131626/tools/bin/../lib/gcc/arm-none-eabi/11.3.1/../../../../arm-none-eabi/lib/thumb/v7e-m+fp/hard/libc_nano.a(libc_a-assert.o)
                                         0x3d (size before relaxing)
 .rodata._ctype_
                0x000000000801280b      0x101 /home/skander/st/stm32cubeide_1.13.2/plugins/com.st.stm32cube.ide.mcu.externaltools.gnu-tools-for-stm32.11.3.rel1.linux64_1.1.1.202309131626/tools/bin/../lib/gcc/arm-none-eabi/11.3.1/../../../../arm-none-eabi/lib/thumb/v7e-m+fp/hard/libc_nano.a(libc_a-ctype_.o)
                0x000000000801280b                _ctype_
 .rodata._vfprintf_r.str1.1
                0x000000000801290c       0x11 /home/skander/st/stm32cubeide_1.13.2/plugins/com.st.stm32cube.ide.mcu.externaltools.gnu-tools-for-stm32.11.3.rel1.linux64_1.1.1.202309131626/tools/bin/../lib/gcc/arm-none-eabi/11.3.1/../../../../arm-none-eabi/lib/thumb/v7e-m+fp/hard/libc_nano.a(libc_a-nano-vfprintf.o)
 .rodata.halF   0x000000000801290c        0x8 /home/skander/st/stm32cubeide_1.13.2/plugins/com.st.stm32cube.ide.mcu.externaltools.gnu-tools-for-stm32.11.3.rel1.linux64_1.1.1.202309131626/tools/bin/../lib/gcc/arm-none-eabi/11.3.1/../../../../arm-none-eabi/lib/thumb/v7e-m+fp/hard/libm.a(libm_a-ef_exp.o)
 .rodata.ln2HI  0x0000000008012914        0x8 /home/skander/st/stm32cubeide_1.13.2/plugins/com.st.stm32cube.ide.mcu.externaltools.gnu-tools-for-stm32.11.3.rel1.linux64_1.1.1.202309131626/tools/bin/../lib/gcc/arm-none-eabi/11.3.1/../../../../arm-none-eabi/lib/thumb/v7e-m+fp/hard/libm.a(libm_a-ef_exp.o)
 .rodata.ln2LO  0x000000000801291c        0x8 /home/skander/st/stm32cubeide_1.13.2/plugins/com.st.stm32cube.ide.mcu.externaltools.gnu-tools-for-stm32.11.3.rel1.linux64_1.1.1.202309131626/tools/bin/../lib/gcc/arm-none-eabi/11.3.1/../../../../arm-none-eabi/lib/thumb/v7e-m+fp/hard/libm.a(libm_a-ef_exp.o)
                0x0000000008012924                . = ALIGN (0x4)

.ARM.extab      0x0000000008012924        0x0
                0x0000000008012924                . = ALIGN (0x4)
 *(.ARM.extab* .gnu.linkonce.armextab.*)
                0x0000000008012924                . = ALIGN (0x4)

.ARM            0x0000000008012924        0x8
                0x0000000008012924                . = ALIGN (0x4)
                0x0000000008012924                __exidx_start = .
 *(.ARM.exidx*)
 .ARM.exidx     0x0000000008012924        0x8 /home/skander/st/stm32cubeide_1.13.2/plugins/com.st.stm32cube.ide.mcu.externaltools.gnu-tools-for-stm32.11.3.rel1.linux64_1.1.1.202309131626/tools/bin/../lib/gcc/arm-none-eabi/11.3.1/thumb/v7e-m+fp/hard/libgcc.a(_udivmoddi4.o)
                0x000000000801292c                __exidx_end = .
                0x000000000801292c                . = ALIGN (0x4)

.preinit_array  0x000000000801292c        0x0
                0x000000000801292c                . = ALIGN (0x4)
                0x000000000801292c                PROVIDE (__preinit_array_start = .)
 *(.preinit_array*)
                0x000000000801292c                PROVIDE (__preinit_array_end = .)
                0x000000000801292c                . = ALIGN (0x4)

.init_array     0x000000000801292c        0x4
                0x000000000801292c                . = ALIGN (0x4)
                0x000000000801292c                PROVIDE (__init_array_start = .)
 *(SORT_BY_NAME(.init_array.*))
 *(.init_array*)
 .init_array    0x000000000801292c        0x4 /home/skander/st/stm32cubeide_1.13.2/plugins/com.st.stm32cube.ide.mcu.externaltools.gnu-tools-for-stm32.11.3.rel1.linux64_1.1.1.202309131626/tools/bin/../lib/gcc/arm-none-eabi/11.3.1/thumb/v7e-m+fp/hard/crtbegin.o
                0x0000000008012930                PROVIDE (__init_array_end = .)
                0x0000000008012930                . = ALIGN (0x4)

.fini_array     0x0000000008012930        0x4
                0x0000000008012930                . = ALIGN (0x4)
                [!provide]                        PROVIDE (__fini_array_start = .)
 *(SORT_BY_NAME(.fini_array.*))
 *(.fini_array*)
 .fini_array    0x0000000008012930        0x4 /home/skander/st/stm32cubeide_1.13.2/plugins/com.st.stm32cube.ide.mcu.externaltools.gnu-tools-for-stm32.11.3.rel1.linux64_1.1.1.202309131626/tools/bin/../lib/gcc/arm-none-eabi/11.3.1/thumb/v7e-m+fp/hard/crtbegin.o
                [!provide]                        PROVIDE (__fini_array_end = .)
                0x0000000008012934                . = ALIGN (0x4)
                0x0000000008012934                _sidata = LOADADDR (.data)

.rel.dyn        0x0000000008012934        0x0
 .rel.iplt      0x0000000008012934        0x0 /home/skander/st/stm32cubeide_1.13.2/plugins/com.st.stm32cube.ide.mcu.externaltools.gnu-tools-for-stm32.11.3.rel1.linux64_1.1.1.202309131626/tools/bin/../lib/gcc/arm-none-eabi/11.3.1/thumb/v7e-m+fp/hard/crtbegin.o

.data           0x0000000020000000      0x91c load address 0x0000000008012934
                0x0000000020000000                . = ALIGN (0x4)
                0x0000000020000000                _sdata = .
 *(.data)
 *(.data*)
 .data.lis3dsh_Sensitivity
                0x0000000020000000        0x4 ./Core/Src/MY_LIS3DSH.o
 .data.__X_Scale
                0x0000000020000004        0x4 ./Core/Src/MY_LIS3DSH.o
 .data.__Y_Scale
                0x0000000020000008        0x4 ./Core/Src/MY_LIS3DSH.o
 .data.__Z_Scale
                0x000000002000000c        0x4 ./Core/Src/MY_LIS3DSH.o
 .data.SystemCoreClock
                0x0000000020000010        0x4 ./Core/Src/system_stm32f4xx.o
                0x0000000020000010                SystemCoreClock
 .data.uwTickPrio
                0x0000000020000014        0x4 ./Drivers/STM32F4xx_HAL_Driver/Src/stm32f4xx_hal.o
                0x0000000020000014                uwTickPrio
 .data.uwTickFreq
                0x0000000020000018        0x1 ./Drivers/STM32F4xx_HAL_Driver/Src/stm32f4xx_hal.o
                0x0000000020000018                uwTickFreq
 *fill*         0x0000000020000019        0x3 
 .data.serving_default_keras_tensor_60_output_array
                0x000000002000001c       0x10 ./X-CUBE-AI/App/model.o
 .data.gemm_0_output_array
                0x000000002000002c       0x10 ./X-CUBE-AI/App/model.o
 .data.nl_0_nl_output_array
                0x000000002000003c       0x10 ./X-CUBE-AI/App/model.o
 .data.gemm_1_output_array
                0x000000002000004c       0x10 ./X-CUBE-AI/App/model.o
 .data.nl_1_nl_output_array
                0x000000002000005c       0x10 ./X-CUBE-AI/App/model.o
 .data.gemm_2_output_array
                0x000000002000006c       0x10 ./X-CUBE-AI/App/model.o
 .data.nl_3_output_array
                0x000000002000007c       0x10 ./X-CUBE-AI/App/model.o
 .data.gemm_0_weights_array
                0x000000002000008c       0x10 ./X-CUBE-AI/App/model.o
 .data.gemm_0_bias_array
                0x000000002000009c       0x10 ./X-CUBE-AI/App/model.o
 .data.gemm_1_weights_array
                0x00000000200000ac       0x10 ./X-CUBE-AI/App/model.o
 .data.gemm_1_bias_array
                0x00000000200000bc       0x10 ./X-CUBE-AI/App/model.o
 .data.gemm_2_weights_array
                0x00000000200000cc       0x10 ./X-CUBE-AI/App/model.o
 .data.gemm_2_bias_array
                0x00000000200000dc       0x10 ./X-CUBE-AI/App/model.o
 .data.__compound_literal.0
                0x00000000200000ec       0x10 ./X-CUBE-AI/App/model.o
 .data.__compound_literal.1
                0x00000000200000fc       0x10 ./X-CUBE-AI/App/model.o
 .data.gemm_2_weights
                0x000000002000010c       0x1c ./X-CUBE-AI/App/model.o
 .data.__compound_literal.2
                0x0000000020000128       0x10 ./X-CUBE-AI/App/model.o
 .data.__compound_literal.3
                0x0000000020000138       0x10 ./X-CUBE-AI/App/model.o
 .data.gemm_2_bias
                0x0000000020000148       0x1c ./X-CUBE-AI/App/model.o
 .data.__compound_literal.4
                0x0000000020000164       0x10 ./X-CUBE-AI/App/model.o
 .data.__compound_literal.5
                0x0000000020000174       0x10 ./X-CUBE-AI/App/model.o
 .data.serving_default_keras_tensor_60_output
                0x0000000020000184       0x1c ./X-CUBE-AI/App/model.o
 .data.__compound_literal.6
                0x00000000200001a0       0x10 ./X-CUBE-AI/App/model.o
 .data.__compound_literal.7
                0x00000000200001b0       0x10 ./X-CUBE-AI/App/model.o
 .data.gemm_0_output
                0x00000000200001c0       0x1c ./X-CUBE-AI/App/model.o
 .data.__compound_literal.8
                0x00000000200001dc       0x10 ./X-CUBE-AI/App/model.o
 .data.__compound_literal.9
                0x00000000200001ec       0x10 ./X-CUBE-AI/App/model.o
 .data.nl_0_nl_output
                0x00000000200001fc       0x1c ./X-CUBE-AI/App/model.o
 .data.__compound_literal.10
                0x0000000020000218       0x10 ./X-CUBE-AI/App/model.o
 .data.__compound_literal.11
                0x0000000020000228       0x10 ./X-CUBE-AI/App/model.o
 .data.gemm_1_output
                0x0000000020000238       0x1c ./X-CUBE-AI/App/model.o
 .data.__compound_literal.12
                0x0000000020000254       0x10 ./X-CUBE-AI/App/model.o
 .data.__compound_literal.13
                0x0000000020000264       0x10 ./X-CUBE-AI/App/model.o
 .data.nl_1_nl_output
                0x0000000020000274       0x1c ./X-CUBE-AI/App/model.o
 .data.__compound_literal.14
                0x0000000020000290       0x10 ./X-CUBE-AI/App/model.o
 .data.__compound_literal.15
                0x00000000200002a0       0x10 ./X-CUBE-AI/App/model.o
 .data.gemm_2_output
                0x00000000200002b0       0x1c ./X-CUBE-AI/App/model.o
 .data.__compound_literal.16
                0x00000000200002cc       0x10 ./X-CUBE-AI/App/model.o
 .data.__compound_literal.17
                0x00000000200002dc       0x10 ./X-CUBE-AI/App/model.o
 .data.nl_3_output
                0x00000000200002ec       0x1c ./X-CUBE-AI/App/model.o
 .data.__compound_literal.18
                0x0000000020000308       0x10 ./X-CUBE-AI/App/model.o
 .data.__compound_literal.19
                0x0000000020000318       0x10 ./X-CUBE-AI/App/model.o
 .data.gemm_0_weights
                0x0000000020000328       0x1c ./X-CUBE-AI/App/model.o
 .data.__compound_literal.20
                0x0000000020000344       0x10 ./X-CUBE-AI/App/model.o
 .data.__compound_literal.21
                0x0000000020000354       0x10 ./X-CUBE-AI/App/model.o
 .data.gemm_0_bias
                0x0000000020000364       0x1c ./X-CUBE-AI/App/model.o
 .data.__compound_literal.22
                0x0000000020000380       0x10 ./X-CUBE-AI/App/model.o
 .data.__compound_literal.23
                0x0000000020000390       0x10 ./X-CUBE-AI/App/model.o
 .data.gemm_1_weights
                0x00000000200003a0       0x1c ./X-CUBE-AI/App/model.o
 .data.__compound_literal.24
                0x00000000200003bc       0x10 ./X-CUBE-AI/App/model.o
 .data.__compound_literal.25
                0x00000000200003cc       0x10 ./X-CUBE-AI/App/model.o
 .data.gemm_1_bias
                0x00000000200003dc       0x1c ./X-CUBE-AI/App/model.o
 .data.__compound_literal.26
                0x00000000200003f8        0x4 ./X-CUBE-AI/App/model.o
 .data.__compound_literal.27
                0x00000000200003fc        0x4 ./X-CUBE-AI/App/model.o
 .data.__compound_literal.30
                0x0000000020000400       0x30 ./X-CUBE-AI/App/model.o
 .data.nl_3_layer
                0x0000000020000430       0x20 ./X-CUBE-AI/App/model.o
 .data.__compound_literal.31
                0x0000000020000450        0x4 ./X-CUBE-AI/App/model.o
 .data.__compound_literal.32
                0x0000000020000454        0x4 ./X-CUBE-AI/App/model.o
 .data.__compound_literal.33
                0x0000000020000458        0x8 ./X-CUBE-AI/App/model.o
 .data.__compound_literal.35
                0x0000000020000460       0x30 ./X-CUBE-AI/App/model.o
 .data.gemm_2_layer
                0x0000000020000490       0x1c ./X-CUBE-AI/App/model.o
 .data.__compound_literal.36
                0x00000000200004ac        0x4 ./X-CUBE-AI/App/model.o
 .data.__compound_literal.37
                0x00000000200004b0        0x4 ./X-CUBE-AI/App/model.o
 .data.__compound_literal.40
                0x00000000200004b4       0x30 ./X-CUBE-AI/App/model.o
 .data.nl_1_nl_layer
                0x00000000200004e4       0x20 ./X-CUBE-AI/App/model.o
 .data.__compound_literal.41
                0x0000000020000504        0x4 ./X-CUBE-AI/App/model.o
 .data.__compound_literal.42
                0x0000000020000508        0x4 ./X-CUBE-AI/App/model.o
 .data.__compound_literal.43
                0x000000002000050c        0x8 ./X-CUBE-AI/App/model.o
 .data.__compound_literal.45
                0x0000000020000514       0x30 ./X-CUBE-AI/App/model.o
 .data.gemm_1_layer
                0x0000000020000544       0x1c ./X-CUBE-AI/App/model.o
 .data.__compound_literal.46
                0x0000000020000560        0x4 ./X-CUBE-AI/App/model.o
 .data.__compound_literal.47
                0x0000000020000564        0x4 ./X-CUBE-AI/App/model.o
 .data.__compound_literal.50
                0x0000000020000568       0x30 ./X-CUBE-AI/App/model.o
 .data.nl_0_nl_layer
                0x0000000020000598       0x20 ./X-CUBE-AI/App/model.o
 .data.__compound_literal.51
                0x00000000200005b8        0x4 ./X-CUBE-AI/App/model.o
 .data.__compound_literal.52
                0x00000000200005bc        0x4 ./X-CUBE-AI/App/model.o
 .data.__compound_literal.53
                0x00000000200005c0        0x8 ./X-CUBE-AI/App/model.o
 .data.__compound_literal.55
                0x00000000200005c8       0x30 ./X-CUBE-AI/App/model.o
 .data.gemm_0_layer
                0x00000000200005f8       0x1c ./X-CUBE-AI/App/model.o
 .data.__compound_literal.56
                0x0000000020000614       0x10 ./X-CUBE-AI/App/model.o
 .data.__compound_literal.57
                0x0000000020000624       0x1c ./X-CUBE-AI/App/model.o
 .data.__compound_literal.58
                0x0000000020000640       0x10 ./X-CUBE-AI/App/model.o
 .data.__compound_literal.59
                0x0000000020000650       0x1c ./X-CUBE-AI/App/model.o
 .data.__compound_literal.60
                0x000000002000066c        0x4 ./X-CUBE-AI/App/model.o
 .data.__compound_literal.64
                0x0000000020000670        0xc ./X-CUBE-AI/App/model.o
 .data.__compound_literal.65
                0x000000002000067c        0x4 ./X-CUBE-AI/App/model.o
 .data.__compound_literal.69
                0x0000000020000680        0xc ./X-CUBE-AI/App/model.o
 .data.__compound_literal.70
                0x000000002000068c       0x18 ./X-CUBE-AI/App/model.o
 .data.g_model  0x00000000200006a4       0x4c ./X-CUBE-AI/App/model.o
 .data.__compound_literal.0
                0x00000000200006f0       0x10 ./X-CUBE-AI/App/model_data.o
 .data.g_model_data_map_activations
                0x0000000020000700       0x1c ./X-CUBE-AI/App/model_data.o
                0x0000000020000700                g_model_data_map_activations
 .data.__compound_literal.1
                0x000000002000071c       0x10 ./X-CUBE-AI/App/model_data.o
 .data.g_model_data_map_weights
                0x000000002000072c       0x1c ./X-CUBE-AI/App/model_data.o
                0x000000002000072c                g_model_data_map_weights
 .data.g_model_weights_table